Component: ARM Compiler 5.06 update 6 (build 750) Tool: armlink [4d35ed]

==============================================================================

Section Cross References

    ledcontrol.o(i.BlinkAllGreenLed) refers to ledcontrol.o(i.LightUpAllGreenLed) for LightUpAllGreenLed
    ledcontrol.o(i.BlinkAllGreenLed) refers to rtx_delay.o(.text.osDelay) for osDelay
    ledcontrol.o(i.BlinkAllGreenLed) refers to ledcontrol.o(i.offAllGreenLed) for offAllGreenLed
    ledcontrol.o(i.initLedStrip) refers to ledcontrol.o(i.setPortPinIO) for setPortPinIO
    ledcontrol.o(i.setPortPinIO) refers to ledcontrol.o(i.__ARM_common_switch8) for __ARM_common_switch8
    ledcontrol.o(i.stationaryLed) refers to ledcontrol.o(i.LightUpAllGreenLed) for LightUpAllGreenLed
    ledcontrol.o(i.stationaryLed) refers to ledcontrol.o(i.LightUpAllRedLed) for LightUpAllRedLed
    ledcontrol.o(i.stationaryLed) refers to rtx_delay.o(.text.osDelay) for osDelay
    ledcontrol.o(i.stationaryLed) refers to ledcontrol.o(i.offAllRedLed) for offAllRedLed
    rtx.o(i.UART2_IRQHandler) refers to rtx_thread.o(.text.osThreadFlagsSet) for osThreadFlagsSet
    rtx.o(i.UART2_IRQHandler) refers to rtx.o(.data) for data
    rtx.o(i.buzzer_thread) refers to rtx_thread.o(.text.osThreadFlagsWait) for osThreadFlagsWait
    rtx.o(i.buzzer_thread) refers to buzzercontrol.o(i.main_buzzer) for main_buzzer
    rtx.o(i.buzzer_thread) refers to aeabi_sdiv.o(.text) for __aeabi_idivmod
    rtx.o(i.buzzer_thread) refers to rtx.o(.data) for status
    rtx.o(i.led_thread) refers to rtx_thread.o(.text.osThreadFlagsWait) for osThreadFlagsWait
    rtx.o(i.led_thread) refers to ledcontrol.o(i.BlinkAllGreenLed) for BlinkAllGreenLed
    rtx.o(i.led_thread) refers to ledcontrol.o(i.offAllGreenLed) for offAllGreenLed
    rtx.o(i.led_thread) refers to ledcontrol.o(i.offAllRedLed) for offAllRedLed
    rtx.o(i.led_thread) refers to rt_memcpy.o(.emb_text) for __aeabi_memcpy4
    rtx.o(i.led_thread) refers to ledcontrol.o(i.LightUpAllGreenLed) for LightUpAllGreenLed
    rtx.o(i.led_thread) refers to ledcontrol.o(i.LightUpAllRedLed) for LightUpAllRedLed
    rtx.o(i.led_thread) refers to rtx_delay.o(.text.osDelay) for osDelay
    rtx.o(i.led_thread) refers to rtx.o(.constdata) for .constdata
    rtx.o(i.led_thread) refers to rtx.o(.data) for isMoving
    rtx.o(i.main) refers to system_mkl25z4.o(i.SystemCoreClockUpdate) for SystemCoreClockUpdate
    rtx.o(i.main) refers to uart.o(i.InitUART2) for InitUART2
    rtx.o(i.main) refers to common.o(i.initPWM) for initPWM
    rtx.o(i.main) refers to ledcontrol.o(i.initLedStrip) for initLedStrip
    rtx.o(i.main) refers to rtx_kernel.o(.text.osKernelInitialize) for osKernelInitialize
    rtx.o(i.main) refers to rtx_msgqueue.o(.text.osMessageQueueNew) for osMessageQueueNew
    rtx.o(i.main) refers to rtx_thread.o(.text.osThreadNew) for osThreadNew
    rtx.o(i.main) refers to rtx_kernel.o(.text.osKernelStart) for osKernelStart
    rtx.o(i.main) refers to rtx.o(.data) for motorMsg
    rtx.o(i.main) refers to rtx.o(i.messager_thread) for messager_thread
    rtx.o(i.main) refers to rtx.o(i.motor_thread) for motor_thread
    rtx.o(i.main) refers to rtx.o(i.buzzer_thread) for buzzer_thread
    rtx.o(i.main) refers to rtx.o(i.led_thread) for led_thread
    rtx.o(i.messager_thread) refers to rtx_thread.o(.text.osThreadFlagsWait) for osThreadFlagsWait
    rtx.o(i.messager_thread) refers to rtx_thread.o(.text.osThreadFlagsSet) for osThreadFlagsSet
    rtx.o(i.messager_thread) refers to rtx_msgqueue.o(.text.osMessageQueuePut) for osMessageQueuePut
    rtx.o(i.messager_thread) refers to rtx.o(.data) for data
    rtx.o(i.motor_thread) refers to rtx_msgqueue.o(.text.osMessageQueueGet) for osMessageQueueGet
    rtx.o(i.motor_thread) refers to motorcontrol.o(i.forward_move) for forward_move
    rtx.o(i.motor_thread) refers to motorcontrol.o(i.backward_move) for backward_move
    rtx.o(i.motor_thread) refers to motorcontrol.o(i.left_move) for left_move
    rtx.o(i.motor_thread) refers to motorcontrol.o(i.right_move) for right_move
    rtx.o(i.motor_thread) refers to motorcontrol.o(i.stop_move) for stop_move
    rtx.o(i.motor_thread) refers to motorcontrol.o(i.stop_turning) for stop_turning
    rtx.o(i.motor_thread) refers to rtx.o(.data) for motorMsg
    buzzercontrol.o(i.main_buzzer) refers to aeabi_sdiv.o(.text) for __aeabi_idivmod
    buzzercontrol.o(i.main_buzzer) refers to rtx_delay.o(.text.osDelay) for osDelay
    buzzercontrol.o(i.main_buzzer) refers to buzzercontrol.o(.data) for score_brawl_stars_begin
    motorcontrol.o(i.backward_move) refers to motorcontrol.o(.data) for temp_LB
    motorcontrol.o(i.forward_move) refers to motorcontrol.o(.data) for temp_LF
    motorcontrol.o(i.left_move) refers to motorcontrol.o(.data) for temp_LF
    motorcontrol.o(i.main_motor) refers to motorcontrol.o(i.forward_move) for forward_move
    motorcontrol.o(i.main_motor) refers to motorcontrol.o(i.backward_move) for backward_move
[...]
    ../clib/signal.c                         0x00000000   Number         0  defsig_stak_inner.o ABSOLUTE
    ../clib/signal.c                         0x00000000   Number         0  defsig_rtmem_formal.o ABSOLUTE
    ../clib/signal.c                         0x00000000   Number         0  defsig_rtmem_outer.o ABSOLUTE
    ../clib/signal.c                         0x00000000   Number         0  defsig_rtmem_inner.o ABSOLUTE
    ../clib/signal.c                         0x00000000   Number         0  defsig_rtred_inner.o ABSOLUTE
    ../clib/signal.c                         0x00000000   Number         0  defsig_abrt_inner.o ABSOLUTE
    ../clib/signal.s                         0x00000000   Number         0  defsig.o ABSOLUTE
    ../clib/stdlib.c                         0x00000000   Number         0  exit.o ABSOLUTE
    ../fplib/cfplib/fpinit.c                 0x00000000   Number         0  fpinit.o ABSOLUTE
    ..\..\..\Source\ARM\irq_cm0.s            0x00000000   Number         0  irq_cm0.o ABSOLUTE
    BuzzerControl.c                          0x00000000   Number         0  buzzercontrol.o ABSOLUTE
    BuzzerControl.c                          0x00000000   Number         0  buzzercontrol.o ABSOLUTE
    C:\Users\zesong\AppData\Local\Arm\Packs\ARM\CMSIS\5.6.0\CMSIS\RTOS2\RTX\Source\rtx_lib.c 0x00000000   Number         0  rtx_lib.o ABSOLUTE
    C:\\Users\\zesong\\AppData\\Local\\Arm\\Packs\\ARM\\CMSIS\\5.6.0\\CMSIS\\RTOS2\\RTX\\Source\\rtx_lib.c 0x00000000   Number         0  rtx_lib.o ABSOLUTE
    LedControl.c                             0x00000000   Number         0  ledcontrol.o ABSOLUTE
    LedControl.c                             0x00000000   Number         0  ledcontrol.o ABSOLUTE
    RTE\CMSIS\RTX_Config.c                   0x00000000   Number         0  rtx_config.o ABSOLUTE
    RTE\Device\MKL25Z128xxx4\startup_MKL25Z4.s 0x00000000   Number         0  startup_mkl25z4.o ABSOLUTE
    RTE\Device\MKL25Z128xxx4\system_MKL25Z4.c 0x00000000   Number         0  system_mkl25z4.o ABSOLUTE
    RTE\\CMSIS\\RTX_Config.c                 0x00000000   Number         0  rtx_config.o ABSOLUTE
    RTE\\Device\\MKL25Z128xxx4\\system_MKL25Z4.c 0x00000000   Number         0  system_mkl25z4.o ABSOLUTE
    UART.c                                   0x00000000   Number         0  uart.o ABSOLUTE
    UART.c                                   0x00000000   Number         0  uart.o ABSOLUTE
    common.c                                 0x00000000   Number         0  common.o ABSOLUTE
    common.c                                 0x00000000   Number         0  common.o ABSOLUTE
    dc.s                                     0x00000000   Number         0  dc.o ABSOLUTE
    motorControl.c                           0x00000000   Number         0  motorcontrol.o ABSOLUTE
    motorControl.c                           0x00000000   Number         0  motorcontrol.o ABSOLUTE
    os_systick.c                             0x00000000   Number         0  os_systick.o ABSOLUTE
    rtx.c                                    0x00000000   Number         0  rtx.o ABSOLUTE
    rtx.c                                    0x00000000   Number         0  rtx.o ABSOLUTE
    rtx_delay.c                              0x00000000   Number         0  rtx_delay.o ABSOLUTE
    rtx_kernel.c                             0x00000000   Number         0  rtx_kernel.o ABSOLUTE
    rtx_memory.c                             0x00000000   Number         0  rtx_memory.o ABSOLUTE
    rtx_mempool.c                            0x00000000   Number         0  rtx_mempool.o ABSOLUTE
    rtx_msgqueue.c                           0x00000000   Number         0  rtx_msgqueue.o ABSOLUTE
    rtx_mutex.c                              0x00000000   Number         0  rtx_mutex.o ABSOLUTE
    rtx_system.c                             0x00000000   Number         0  rtx_system.o ABSOLUTE
    rtx_thread.c                             0x00000000   Number         0  rtx_thread.o ABSOLUTE
    rtx_timer.c                              0x00000000   Number         0  rtx_timer.o ABSOLUTE
    !!!main                                  0x000000c0   Section        8  __main.o(!!!main)
    !!!scatter                               0x000000c8   Section       60  __scatter.o(!!!scatter)
    !!handler_zi                             0x00000104   Section       28  __scatter_zi.o(!!handler_zi)
    .ARM.Collect$$libinit$$00000000          0x00000120   Section        2  libinit.o(.ARM.Collect$$libinit$$00000000)
    .ARM.Collect$$libinit$$00000002          0x00000122   Section        0  libinit2.o(.ARM.Collect$$libinit$$00000002)
    .ARM.Collect$$libinit$$00000004          0x00000122   Section        0  libinit2.o(.ARM.Collect$$libinit$$00000004)
    .ARM.Collect$$libinit$$0000000A          0x00000122   Section        0  libinit2.o(.ARM.Collect$$libinit$$0000000A)
    .ARM.Collect$$libinit$$0000000C          0x00000122   Section        0  libinit2.o(.ARM.Collect$$libinit$$0000000C)
    .ARM.Collect$$libinit$$0000000E          0x00000122   Section        0  libinit2.o(.ARM.Collect$$libinit$$0000000E)
    .ARM.Collect$$libinit$$00000011          0x00000122   Section        0  libinit2.o(.ARM.Collect$$libinit$$00000011)
    .ARM.Collect$$libinit$$00000013          0x00000122   Section        0  libinit2.o(.ARM.Collect$$libinit$$00000013)
    .ARM.Collect$$libinit$$00000015          0x00000122   Section        0  libinit2.o(.ARM.Collect$$libinit$$00000015)
    .ARM.Collect$$libinit$$00000017          0x00000122   Section        0  libinit2.o(.ARM.Collect$$libinit$$00000017)
    .ARM.Collect$$libinit$$00000019          0x00000122   Section        0  libinit2.o(.ARM.Collect$$libinit$$00000019)
    .ARM.Collect$$libinit$$0000001B          0x00000122   Section        0  libinit2.o(.ARM.Collect$$libinit$$0000001B)
    .ARM.Collect$$libinit$$0000001D          0x00000122   Section        0  libinit2.o(.ARM.Collect$$libinit$$0000001D)
    .ARM.Collect$$libinit$$0000001F          0x00000122   Section        0  libinit2.o(.ARM.Collect$$libinit$$0000001F)
    .ARM.Collect$$libinit$$00000021          0x00000122   Section        0  libinit2.o(.ARM.Collect$$libinit$$00000021)
    .ARM.Collect$$libinit$$00000023          0x00000122   Section        0  libinit2.o(.ARM.Collect$$libinit$$00000023)
    .ARM.Collect$$libinit$$00000025          0x00000122   Section        0  libinit2.o(.ARM.Collect$$libinit$$00000025)
    .ARM.Collect$$libinit$$0000002C          0x00000122   Section        0  libinit2.o(.ARM.Collect$$libinit$$0000002C)
    .ARM.Collect$$libinit$$0000002E          0x00000122   Section        0  libinit2.o(.ARM.Collect$$libinit$$0000002E)
    .ARM.Collect$$libinit$$00000030          0x00000122   Section        0  libinit2.o(.ARM.Collect$$libinit$$00000030)
    .ARM.Collect$$libinit$$00000032          0x00000122   Section        0  libinit2.o(.ARM.Collect$$libinit$$00000032)
    .ARM.Collect$$libinit$$00000033          0x00000122   Section        2  libinit2.o(.ARM.Collect$$libinit$$00000033)
    .ARM.Collect$$libshutdown$$00000000      0x00000124   Section        2  libshutdown.o(.ARM.Collect$$libshutdown$$00000000)
    .ARM.Collect$$libshutdown$$00000002      0x00000126   Section        0  libshutdown2.o(.ARM.Collect$$libshutdown$$00000002)
    .ARM.Collect$$libshutdown$$00000004      0x00000126   Section        0  libshutdown2.o(.ARM.Collect$$libshutdown$$00000004)
    .ARM.Collect$$libshutdown$$00000007      0x00000126   Section        0  libshutdown2.o(.ARM.Collect$$libshutdown$$00000007)
    .ARM.Collect$$libshutdown$$0000000A      0x00000126   Section        0  libshutdown2.o(.ARM.Collect$$libshutdown$$0000000A)
    .ARM.Collect$$libshutdown$$0000000C      0x00000126   Section        0  libshutdown2.o(.ARM.Collect$$libshutdown$$0000000C)
    .ARM.Collect$$libshutdown$$0000000F      0x00000126   Section        0  libshutdown2.o(.ARM.Collect$$libshutdown$$0000000F)
    .ARM.Collect$$libshutdown$$00000010      0x00000126   Section        2  libshutdown2.o(.ARM.Collect$$libshutdown$$00000010)
    .ARM.Collect$$rtentry$$00000000          0x00000128   Section        0  __rtentry.o(.ARM.Collect$$rtentry$$00000000)
    .ARM.Collect$$rtentry$$00000002          0x00000128   Section        0  __rtentry2.o(.ARM.Collect$$rtentry$$00000002)
    .ARM.Collect$$rtentry$$00000004          0x00000128   Section        6  __rtentry4.o(.ARM.Collect$$rtentry$$00000004)
    .ARM.Collect$$rtentry$$00000008          0x0000012e   Section        8  __rtentry2.o(.ARM.Collect$$rtentry$$00000008)
    .ARM.Collect$$rtentry$$0000000A          0x00000136   Section        4  __rtentry2.o(.ARM.Collect$$rtentry$$0000000A)
    .ARM.Collect$$rtentry$$0000000C          0x0000013a   Section        0  __rtentry2.o(.ARM.Collect$$rtentry$$0000000C)
    .ARM.Collect$$rtentry$$0000000D          0x0000013a   Section        8  __rtentry2.o(.ARM.Collect$$rtentry$$0000000D)
    .ARM.Collect$$rtexit$$00000000           0x00000142   Section        2  rtexit.o(.ARM.Collect$$rtexit$$00000000)
    .ARM.Collect$$rtexit$$00000002           0x00000144   Section        0  rtexit2.o(.ARM.Collect$$rtexit$$00000002)
    .ARM.Collect$$rtexit$$00000003           0x00000144   Section        4  rtexit2.o(.ARM.Collect$$rtexit$$00000003)
    .ARM.Collect$$rtexit$$00000004           0x00000148   Section        6  rtexit2.o(.ARM.Collect$$rtexit$$00000004)
    .emb_text                                0x00000150   Section       56  rt_memcpy.o(.emb_text)
    .text                                    0x00000188   Section       64  startup_mkl25z4.o(.text)
    .text                                    0x000001c8   Section      164  irq_cm0.o(.text)
    .text                                    0x0000026c   Section        0  rt_memcpy.o(.text)
    .text                                    0x000002ee   Section        0  rt_memclr.o(.text)
    .text                                    0x0000032e   Section        0  heapauxi.o(.text)
    .text                                    0x00000334   Section       62  sys_stackheap_outer.o(.text)
    .text                                    0x00000372   Section        0  exit.o(.text)
    .text                                    0x00000384   Section        8  libspace.o(.text)
    .text                                    0x0000038c   Section        0  sys_exit.o(.text)
    .text                                    0x00000398   Section        2  use_no_semi.o(.text)
    .text                                    0x0000039a   Section        0  indicate_semi.o(.text)
    .text                                    0x0000039a   Section        0  __dczerorl2.o(.text)
    [Anonymous Symbol]                       0x000003f0   Section        0  os_systick.o(.text.OS_Tick_AcknowledgeIRQ)
    __arm_cp.3_0                             0x000003f8   Number         4  os_systick.o(.text.OS_Tick_AcknowledgeIRQ)
    [Anonymous Symbol]                       0x000003fc   Section        0  rtx_kernel.o(.text.osRtxKernelPreInit)
    .ARM.__at_0x400                          0x00000400   Section       16  startup_mkl25z4.o(.ARM.__at_0x400)
    .text                                    0x00000410   Section      346  aeabi_sdiv.o(.text)
    [Anonymous Symbol]                       0x0000056a   Section        0  rtx_msgqueue.o(.text.MessageQueueGet)
    MessageQueueGet                          0x0000056b   Thumb Code    76  rtx_msgqueue.o(.text.MessageQueueGet)
    [Anonymous Symbol]                       0x000005b6   Section        0  rtx_msgqueue.o(.text.MessageQueuePut)
    MessageQueuePut                          0x000005b7   Thumb Code    98  rtx_msgqueue.o(.text.MessageQueuePut)
    [Anonymous Symbol]                       0x00000618   Section        0  rtx_msgqueue.o(.text.MessageQueueRemove)
    MessageQueueRemove                       0x00000619   Thumb Code    30  rtx_msgqueue.o(.text.MessageQueueRemove)
    [Anonymous Symbol]                       0x00000638   Section        0  os_systick.o(.text.OS_Tick_Enable)
    __arm_cp.1_0                             0x00000658   Number         4  os_systick.o(.text.OS_Tick_Enable)
    __arm_cp.1_1                             0x0000065c   Number         4  os_systick.o(.text.OS_Tick_Enable)
    __arm_cp.1_2                             0x00000660   Number         4  os_systick.o(.text.OS_Tick_Enable)
    [Anonymous Symbol]                       0x00000664   Section        0  os_systick.o(.text.OS_Tick_GetIRQn)
    [Anonymous Symbol]                       0x0000066c   Section        0  os_systick.o(.text.OS_Tick_Setup)
    __arm_cp.0_0                             0x000006a8   Number         4  os_systick.o(.text.OS_Tick_Setup)
    __arm_cp.0_1                             0x000006ac   Number         4  os_systick.o(.text.OS_Tick_Setup)
    __arm_cp.0_2                             0x000006b0   Number         4  os_systick.o(.text.OS_Tick_Setup)
    __arm_cp.0_3                             0x000006b4   Number         4  os_systick.o(.text.OS_Tick_Setup)
    [Anonymous Symbol]                       0x000006b8   Section        0  rtx_thread.o(.text.ThreadFlagsCheck)
    ThreadFlagsCheck                         0x000006b9   Thumb Code    78  rtx_thread.o(.text.ThreadFlagsCheck)
    [Anonymous Symbol]                       0x00000708   Section        0  rtx_timer.o(.text.TimerInsert)
    TimerInsert                              0x00000709   Thumb Code    76  rtx_timer.o(.text.TimerInsert)
    __arm_cp.8_0                             0x00000750   Number         4  rtx_timer.o(.text.TimerInsert)
    [Anonymous Symbol]                       0x00000754   Section        0  rtx_delay.o(.text.osDelay)
    __arm_cp.0_0                             0x00000778   Number         4  rtx_delay.o(.text.osDelay)
    [Anonymous Symbol]                       0x0000077c   Section        0  rtx_kernel.o(.text.osKernelGetState)
    __arm_cp.4_0                             0x000007a4   Number         4  rtx_kernel.o(.text.osKernelGetState)
    __arm_cp.4_1                             0x000007a8   Number         4  rtx_kernel.o(.text.osKernelGetState)
    [Anonymous Symbol]                       0x000007ac   Section        0  rtx_kernel.o(.text.osKernelInitialize)
    __arm_cp.1_0                             0x000007d0   Number         4  rtx_kernel.o(.text.osKernelInitialize)
    [Anonymous Symbol]                       0x000007d4   Section        0  rtx_kernel.o(.text.osKernelStart)
    __arm_cp.6_0                             0x000007f4   Number         4  rtx_kernel.o(.text.osKernelStart)
    [Anonymous Symbol]                       0x000007f8   Section        0  rtx_msgqueue.o(.text.osMessageQueueGet)
    __arm_cp.3_0                             0x00000868   Number         4  rtx_msgqueue.o(.text.osMessageQueueGet)
    [Anonymous Symbol]                       0x0000086c   Section        0  rtx_msgqueue.o(.text.osMessageQueueNew)
    __arm_cp.0_0                             0x0000088c   Number         4  rtx_msgqueue.o(.text.osMessageQueueNew)
    [Anonymous Symbol]                       0x00000890   Section        0  rtx_msgqueue.o(.text.osMessageQueuePut)
    __arm_cp.2_0                             0x00000904   Number         4  rtx_msgqueue.o(.text.osMessageQueuePut)
    [Anonymous Symbol]                       0x00000908   Section        0  rtx_mutex.o(.text.osMutexAcquire)
    __arm_cp.3_0                             0x0000092c   Number         4  rtx_mutex.o(.text.osMutexAcquire)
    [Anonymous Symbol]                       0x00000930   Section        0  rtx_mutex.o(.text.osMutexDelete)
    __arm_cp.6_0                             0x00000954   Number         4  rtx_mutex.o(.text.osMutexDelete)
    [Anonymous Symbol]                       0x00000958   Section        0  rtx_mutex.o(.text.osMutexNew)
    __arm_cp.1_0                             0x00000978   Number         4  rtx_mutex.o(.text.osMutexNew)
    [Anonymous Symbol]                       0x0000097c   Section        0  rtx_mutex.o(.text.osMutexRelease)
    __arm_cp.4_0                             0x000009a0   Number         4  rtx_mutex.o(.text.osMutexRelease)
    [Anonymous Symbol]                       0x000009a4   Section        0  rtx_memory.o(.text.osRtxMemoryAlloc)
    [Anonymous Symbol]                       0x00000a20   Section        0  rtx_memory.o(.text.osRtxMemoryFree)
    [Anonymous Symbol]                       0x00000a6e   Section        0  rtx_memory.o(.text.osRtxMemoryInit)
    [Anonymous Symbol]                       0x00000aa0   Section        0  rtx_mempool.o(.text.osRtxMemoryPoolAlloc)
    [Anonymous Symbol]                       0x00000ace   Section        0  rtx_mempool.o(.text.osRtxMemoryPoolFree)
    [Anonymous Symbol]                       0x00000b08   Section        0  rtx_mempool.o(.text.osRtxMemoryPoolInit)
    [Anonymous Symbol]                       0x00000b46   Section        0  rtx_msgqueue.o(.text.osRtxMessageQueuePostProcess)
    osRtxMessageQueuePostProcess             0x00000b47   Thumb Code   188  rtx_msgqueue.o(.text.osRtxMessageQueuePostProcess)
    [Anonymous Symbol]                       0x00000c02   Section        0  rtx_mutex.o(.text.osRtxMutexOwnerRelease)
    [Anonymous Symbol]                       0x00000c48   Section        0  rtx_system.o(.text.osRtxPendSV_Handler)
    __arm_cp.1_0                             0x00000cc4   Number         4  rtx_system.o(.text.osRtxPendSV_Handler)
    [Anonymous Symbol]                       0x00000cc8   Section        0  rtx_system.o(.text.osRtxPostProcess)
    __arm_cp.2_0                             0x00000d2c   Number         4  rtx_system.o(.text.osRtxPostProcess)
    __arm_cp.2_1                             0x00000d30   Number         4  rtx_system.o(.text.osRtxPostProcess)
    [Anonymous Symbol]                       0x00000d34   Section        0  rtx_thread.o(.text.osRtxThreadBlock)
    osRtxThreadBlock                         0x00000d35   Thumb Code    56  rtx_thread.o(.text.osRtxThreadBlock)
    __arm_cp.10_0                            0x00000d68   Number         4  rtx_thread.o(.text.osRtxThreadBlock)
    [Anonymous Symbol]                       0x00000d6c   Section        0  rtx_thread.o(.text.osRtxThreadDelayInsert)
    osRtxThreadDelayInsert                   0x00000d6d   Thumb Code   128  rtx_thread.o(.text.osRtxThreadDelayInsert)
    __arm_cp.14_0                            0x00000de8   Number         4  rtx_thread.o(.text.osRtxThreadDelayInsert)
    [Anonymous Symbol]                       0x00000dec   Section        0  rtx_thread.o(.text.osRtxThreadDelayRemove)
    osRtxThreadDelayRemove                   0x00000ded   Thumb Code    68  rtx_thread.o(.text.osRtxThreadDelayRemove)
    __arm_cp.12_0                            0x00000e2c   Number         4  rtx_thread.o(.text.osRtxThreadDelayRemove)
    [Anonymous Symbol]                       0x00000e30   Section        0  rtx_thread.o(.text.osRtxThreadDelayTick)
    __arm_cp.5_0                             0x00000e64   Number         4  rtx_thread.o(.text.osRtxThreadDelayTick)
    [Anonymous Symbol]                       0x00000e68   Section        0  rtx_thread.o(.text.osRtxThreadDispatch)
    __arm_cp.9_0                             0x00000eb4   Number         4  rtx_thread.o(.text.osRtxThreadDispatch)
    [Anonymous Symbol]                       0x00000eb8   Section        0  rtx_thread.o(.text.osRtxThreadFree)
    osRtxThreadFree                          0x00000eb9   Thumb Code    84  rtx_thread.o(.text.osRtxThreadFree)
    __arm_cp.52_0                            0x00000f08   Number         4  rtx_thread.o(.text.osRtxThreadFree)
    [Anonymous Symbol]                       0x00000f0c   Section        0  rtx_thread.o(.text.osRtxThreadListGet)
    [Anonymous Symbol]                       0x00000f20   Section        0  rtx_thread.o(.text.osRtxThreadListPut)
    [Anonymous Symbol]                       0x00000f4c   Section        0  rtx_thread.o(.text.osRtxThreadListRemove)
    [Anonymous Symbol]                       0x00000f64   Section        0  rtx_thread.o(.text.osRtxThreadListSort)
    [Anonymous Symbol]                       0x00000f8a   Section        0  rtx_thread.o(.text.osRtxThreadPostProcess)
    osRtxThreadPostProcess                   0x00000f8b   Thumb Code    38  rtx_thread.o(.text.osRtxThreadPostProcess)
    [Anonymous Symbol]                       0x00000fb0   Section        0  rtx_thread.o(.text.osRtxThreadReadyPut)
    __arm_cp.4_0                             0x00000fc4   Number         4  rtx_thread.o(.text.osRtxThreadReadyPut)
    [Anonymous Symbol]                       0x00000fc8   Section        0  rtx_thread.o(.text.osRtxThreadRegPtr)
    [Anonymous Symbol]                       0x00000fd0   Section        0  rtx_thread.o(.text.osRtxThreadStackCheck)
    __arm_cp.8_0                             0x00000ff4   Number         4  rtx_thread.o(.text.osRtxThreadStackCheck)
    __arm_cp.8_1                             0x00000ff8   Number         4  rtx_thread.o(.text.osRtxThreadStackCheck)
    [Anonymous Symbol]                       0x00000ffc   Section        0  rtx_thread.o(.text.osRtxThreadStartup)
    __arm_cp.15_0                            0x0000102c   Number         4  rtx_thread.o(.text.osRtxThreadStartup)
    __arm_cp.15_1                            0x00001030   Number         4  rtx_thread.o(.text.osRtxThreadStartup)
    __arm_cp.15_2                            0x00001034   Number         4  rtx_thread.o(.text.osRtxThreadStartup)
    __arm_cp.15_3                            0x00001038   Number         4  rtx_thread.o(.text.osRtxThreadStartup)
    [Anonymous Symbol]                       0x0000103c   Section        0  rtx_thread.o(.text.osRtxThreadSwitch)
    __arm_cp.7_0                             0x0000104c   Number         4  rtx_thread.o(.text.osRtxThreadSwitch)
    [Anonymous Symbol]                       0x00001050   Section        0  rtx_thread.o(.text.osRtxThreadWaitEnter)
    __arm_cp.13_0                            0x00001088   Number         4  rtx_thread.o(.text.osRtxThreadWaitEnter)
    [Anonymous Symbol]                       0x0000108c   Section        0  rtx_thread.o(.text.osRtxThreadWaitExit)
    [Anonymous Symbol]                       0x000010b0   Section        0  rtx_system.o(.text.osRtxTick_Handler)
    __arm_cp.0_0                             0x00001120   Number         4  rtx_system.o(.text.osRtxTick_Handler)
    [Anonymous Symbol]                       0x00001124   Section        0  rtx_timer.o(.text.osRtxTimerThread)
    __arm_cp.0_0                             0x00001154   Number         4  rtx_timer.o(.text.osRtxTimerThread)
    __arm_cp.0_1                             0x00001158   Number         4  rtx_timer.o(.text.osRtxTimerThread)
    __arm_cp.0_2                             0x0000115c   Number         4  rtx_timer.o(.text.osRtxTimerThread)
    [Anonymous Symbol]                       0x00001160   Section        0  rtx_timer.o(.text.osRtxTimerTick)
    osRtxTimerTick                           0x00001161   Thumb Code    96  rtx_timer.o(.text.osRtxTimerTick)
    __arm_cp.1_0                             0x000011bc   Number         4  rtx_timer.o(.text.osRtxTimerTick)
    [Anonymous Symbol]                       0x000011c0   Section        0  rtx_thread.o(.text.osThreadExit)
    __arm_cp.31_0                            0x000011c8   Number         4  rtx_thread.o(.text.osThreadExit)
    [Anonymous Symbol]                       0x000011cc   Section        0  rtx_thread.o(.text.osThreadFlagsSet)
    __arm_cp.35_0                            0x00001220   Number         4  rtx_thread.o(.text.osThreadFlagsSet)
    [Anonymous Symbol]                       0x00001224   Section        0  rtx_thread.o(.text.osThreadFlagsWait)
    __arm_cp.38_0                            0x00001248   Number         4  rtx_thread.o(.text.osThreadFlagsWait)
    [Anonymous Symbol]                       0x0000124c   Section        0  rtx_thread.o(.text.osThreadNew)
    __arm_cp.17_0                            0x0000126c   Number         4  rtx_thread.o(.text.osThreadNew)
    [Anonymous Symbol]                       0x00001270   Section        0  rtx_delay.o(.text.svcRtxDelay)
    svcRtxDelay                              0x00001271   Thumb Code    18  rtx_delay.o(.text.svcRtxDelay)
    [Anonymous Symbol]                       0x00001284   Section        0  rtx_kernel.o(.text.svcRtxKernelGetState)
    svcRtxKernelGetState                     0x00001285   Thumb Code    12  rtx_kernel.o(.text.svcRtxKernelGetState)
    __arm_cp.5_0                             0x0000128c   Number         4  rtx_kernel.o(.text.svcRtxKernelGetState)
    [Anonymous Symbol]                       0x00001290   Section        0  rtx_kernel.o(.text.svcRtxKernelInitialize)
    svcRtxKernelInitialize                   0x00001291   Thumb Code   328  rtx_kernel.o(.text.svcRtxKernelInitialize)
    __arm_cp.20_0                            0x000013cc   Number         4  rtx_kernel.o(.text.svcRtxKernelInitialize)
    __arm_cp.20_1                            0x000013d0   Number         4  rtx_kernel.o(.text.svcRtxKernelInitialize)
    __arm_cp.20_2                            0x000013d4   Number         4  rtx_kernel.o(.text.svcRtxKernelInitialize)
    [Anonymous Symbol]                       0x000013d8   Section        0  rtx_kernel.o(.text.svcRtxKernelStart)
    svcRtxKernelStart                        0x000013d9   Thumb Code   132  rtx_kernel.o(.text.svcRtxKernelStart)
    __arm_cp.21_0                            0x0000144c   Number         4  rtx_kernel.o(.text.svcRtxKernelStart)
    __arm_cp.21_1                            0x00001450   Number         4  rtx_kernel.o(.text.svcRtxKernelStart)
    __arm_cp.21_2                            0x00001454   Number         4  rtx_kernel.o(.text.svcRtxKernelStart)
    __arm_cp.21_3                            0x00001458   Number         4  rtx_kernel.o(.text.svcRtxKernelStart)
    [Anonymous Symbol]                       0x0000145c   Section        0  rtx_msgqueue.o(.text.svcRtxMessageQueueGet)
    svcRtxMessageQueueGet                    0x0000145d   Thumb Code   232  rtx_msgqueue.o(.text.svcRtxMessageQueueGet)
    __arm_cp.21_0                            0x00001540   Number         4  rtx_msgqueue.o(.text.svcRtxMessageQueueGet)
    [Anonymous Symbol]                       0x00001544   Section        0  rtx_msgqueue.o(.text.svcRtxMessageQueueNew)
    svcRtxMessageQueueNew                    0x00001545   Thumb Code   484  rtx_msgqueue.o(.text.svcRtxMessageQueueNew)
    __arm_cp.14_0                            0x00001710   Number         4  rtx_msgqueue.o(.text.svcRtxMessageQueueNew)
    __arm_cp.14_1                            0x00001714   Number         4  rtx_msgqueue.o(.text.svcRtxMessageQueueNew)
    __arm_cp.14_2                            0x00001718   Number         4  rtx_msgqueue.o(.text.svcRtxMessageQueueNew)
    __arm_cp.14_3                            0x0000171c   Number         4  rtx_msgqueue.o(.text.svcRtxMessageQueueNew)
    __arm_cp.14_4                            0x00001720   Number         4  rtx_msgqueue.o(.text.svcRtxMessageQueueNew)
    __arm_cp.14_5                            0x00001724   Number         4  rtx_msgqueue.o(.text.svcRtxMessageQueueNew)
    [Anonymous Symbol]                       0x00001728   Section        0  rtx_msgqueue.o(.text.svcRtxMessageQueuePut)
    svcRtxMessageQueuePut                    0x00001729   Thumb Code   188  rtx_msgqueue.o(.text.svcRtxMessageQueuePut)
    __arm_cp.19_0                            0x000017e0   Number         4  rtx_msgqueue.o(.text.svcRtxMessageQueuePut)
    [Anonymous Symbol]                       0x000017e4   Section        0  rtx_mutex.o(.text.svcRtxMutexAcquire)
    svcRtxMutexAcquire                       0x000017e5   Thumb Code   152  rtx_mutex.o(.text.svcRtxMutexAcquire)
    __arm_cp.9_0                             0x00001878   Number         4  rtx_mutex.o(.text.svcRtxMutexAcquire)
    [Anonymous Symbol]                       0x0000187c   Section        0  rtx_mutex.o(.text.svcRtxMutexDelete)
    svcRtxMutexDelete                        0x0000187d   Thumb Code   188  rtx_mutex.o(.text.svcRtxMutexDelete)
    __arm_cp.12_0                            0x00001934   Number         4  rtx_mutex.o(.text.svcRtxMutexDelete)
    [Anonymous Symbol]                       0x00001938   Section        0  rtx_mutex.o(.text.svcRtxMutexNew)
    svcRtxMutexNew                           0x00001939   Thumb Code   112  rtx_mutex.o(.text.svcRtxMutexNew)
    __arm_cp.7_0                             0x000019a4   Number         4  rtx_mutex.o(.text.svcRtxMutexNew)
    [Anonymous Symbol]                       0x000019a8   Section        0  rtx_mutex.o(.text.svcRtxMutexRelease)
    svcRtxMutexRelease                       0x000019a9   Thumb Code   192  rtx_mutex.o(.text.svcRtxMutexRelease)
    __arm_cp.10_0                            0x00001a64   Number         4  rtx_mutex.o(.text.svcRtxMutexRelease)
    [Anonymous Symbol]                       0x00001a68   Section        0  rtx_thread.o(.text.svcRtxThreadExit)
    svcRtxThreadExit                         0x00001a69   Thumb Code   108  rtx_thread.o(.text.svcRtxThreadExit)
    __arm_cp.54_0                            0x00001ad0   Number         4  rtx_thread.o(.text.svcRtxThreadExit)
    [Anonymous Symbol]                       0x00001ad4   Section        0  rtx_thread.o(.text.svcRtxThreadFlagsSet)
    svcRtxThreadFlagsSet                     0x00001ad5   Thumb Code   108  rtx_thread.o(.text.svcRtxThreadFlagsSet)
    [Anonymous Symbol]                       0x00001b40   Section        0  rtx_thread.o(.text.svcRtxThreadFlagsWait)
    svcRtxThreadFlagsWait                    0x00001b41   Thumb Code    80  rtx_thread.o(.text.svcRtxThreadFlagsWait)
    __arm_cp.61_0                            0x00001b8c   Number         4  rtx_thread.o(.text.svcRtxThreadFlagsWait)
    [Anonymous Symbol]                       0x00001b90   Section        0  rtx_thread.o(.text.svcRtxThreadNew)
    svcRtxThreadNew                          0x00001b91   Thumb Code   492  rtx_thread.o(.text.svcRtxThreadNew)
    __arm_cp.16_0                            0x00001d64   Number         4  rtx_thread.o(.text.svcRtxThreadNew)
    __arm_cp.16_1                            0x00001d68   Number         4  rtx_thread.o(.text.svcRtxThreadNew)
    __arm_cp.16_2                            0x00001d6c   Number         4  rtx_thread.o(.text.svcRtxThreadNew)
    __arm_cp.16_3                            0x00001d70   Number         4  rtx_thread.o(.text.svcRtxThreadNew)
    __arm_cp.16_4                            0x00001d74   Number         4  rtx_thread.o(.text.svcRtxThreadNew)
    __arm_cp.16_5                            0x00001d78   Number         4  rtx_thread.o(.text.svcRtxThreadNew)
    i.BlinkAllGreenLed                       0x00001d7c   Section        0  ledcontrol.o(i.BlinkAllGreenLed)
    i.InitUART2                              0x00001da0   Section        0  uart.o(i.InitUART2)
    i.LightUpAllGreenLed                     0x00001e88   Section        0  ledcontrol.o(i.LightUpAllGreenLed)
    i.LightUpAllRedLed                       0x00001ea0   Section        0  ledcontrol.o(i.LightUpAllRedLed)
    i.SystemCoreClockUpdate                  0x00001eb8   Section        0  system_mkl25z4.o(i.SystemCoreClockUpdate)
    i.SystemInit                             0x00002048   Section        0  system_mkl25z4.o(i.SystemInit)
    i.UART2_IRQHandler                       0x00002054   Section        0  rtx.o(i.UART2_IRQHandler)
    i.__ARM_common_switch8                   0x0000209c   Section        0  ledcontrol.o(i.__ARM_common_switch8)
    i.__NVIC_SetPriority                     0x000020b8   Section        0  uart.o(i.__NVIC_SetPriority)
    __NVIC_SetPriority                       0x000020b9   Thumb Code   110  uart.o(i.__NVIC_SetPriority)
    i._mutex_acquire                         0x00002130   Section        0  rtx_lib.o(i._mutex_acquire)
    __tagsym$$used                           0x00002131   Number         0  rtx_lib.o(i._mutex_acquire)
    i._mutex_free                            0x00002148   Section        0  rtx_lib.o(i._mutex_free)
    __tagsym$$used                           0x00002149   Number         0  rtx_lib.o(i._mutex_free)
    i._mutex_initialize                      0x00002154   Section        0  rtx_lib.o(i._mutex_initialize)
    __tagsym$$used                           0x00002155   Number         0  rtx_lib.o(i._mutex_initialize)
    i._mutex_release                         0x00002178   Section        0  rtx_lib.o(i._mutex_release)
    __tagsym$$used                           0x00002179   Number         0  rtx_lib.o(i._mutex_release)
    i._platform_post_stackheap_init          0x0000218c   Section        0  rtx_lib.o(i._platform_post_stackheap_init)
    i.backward_move                          0x00002194   Section        0  motorcontrol.o(i.backward_move)
    i.buzzer_thread                          0x000021d8   Section        0  rtx.o(i.buzzer_thread)
    i.forward_move                           0x0000225c   Section        0  motorcontrol.o(i.forward_move)
    i.initLedStrip                           0x000022a0   Section        0  ledcontrol.o(i.initLedStrip)
    i.initPWM                                0x00002364   Section        0  common.o(i.initPWM)
    i.led_thread                             0x00002578   Section        0  rtx.o(i.led_thread)
    i.left_move                              0x0000268c   Section        0  motorcontrol.o(i.left_move)
    i.main                                   0x000026e8   Section        0  rtx.o(i.main)
    i.main_buzzer                            0x00002774   Section        0  buzzercontrol.o(i.main_buzzer)
    i.messager_thread                        0x0000285c   Section        0  rtx.o(i.messager_thread)
    i.motor_thread                           0x0000290c   Section        0  rtx.o(i.motor_thread)
    i.offAllGreenLed                         0x00002984   Section        0  ledcontrol.o(i.offAllGreenLed)
    i.offAllRedLed                           0x0000299c   Section        0  ledcontrol.o(i.offAllRedLed)
    i.osRtxErrorNotify                       0x000029b4   Section        0  rtx_config.o(i.osRtxErrorNotify)
    i.osRtxIdleThread                        0x000029d4   Section        0  rtx_config.o(i.osRtxIdleThread)
    i.os_kernel_is_active                    0x000029d8   Section        0  rtx_lib.o(i.os_kernel_is_active)
    os_kernel_is_active                      0x000029d9   Thumb Code    30  rtx_lib.o(i.os_kernel_is_active)
    i.right_move                             0x000029fc   Section        0  motorcontrol.o(i.right_move)
    i.setPortPinIO                           0x00002a58   Section        0  ledcontrol.o(i.setPortPinIO)
    i.stop_move                              0x00002b10   Section        0  motorcontrol.o(i.stop_move)
    i.stop_turning                           0x00002b50   Section        0  motorcontrol.o(i.stop_turning)
    .constdata                               0x00002b8c   Section       32  rtx.o(.constdata)
    .constdata                               0x00002bac   Section      100  rtx_lib.o(.constdata)
    os_idle_thread_attr                      0x00002bac   Data          36  rtx_lib.o(.constdata)
    os_timer_thread_attr                     0x00002bd0   Data          36  rtx_lib.o(.constdata)
    os_timer_mq_attr                         0x00002bf4   Data          24  rtx_lib.o(.constdata)
    .constdata                               0x00002c10   Section        1  irq_cm0.o(.constdata)
    .rodata                                  0x00002c14   Section      160  rtx_lib.o(.rodata)
    __tagsym$$used                           0x00002c14   Number         0  rtx_lib.o(.rodata)
    __tagsym$$used                           0x00002c7c   Number         0  rtx_lib.o(.rodata)
    [Anonymous Symbol]                       0x00002cb4   Section        0  rtx_kernel.o(.rodata.str1.4)
    .L.str                                   0x00002cb4   Data          11  rtx_kernel.o(.rodata.str1.4)
    .bss.os                                  0x1ffff000   Section     4160  rtx_lib.o(.bss.os)
    os_mem                                   0x1ffff000   Data        4096  rtx_lib.o(.bss.os)
    os_isr_queue                             0x20000000   Data          64  rtx_lib.o(.bss.os)
    .bss.os.msgqueue.cb                      0x20000040   Section       52  rtx_lib.o(.bss.os.msgqueue.cb)
    os_timer_mq_cb                           0x20000040   Data          52  rtx_lib.o(.bss.os.msgqueue.cb)
    .bss.os.msgqueue.mem                     0x20000074   Section       80  rtx_lib.o(.bss.os.msgqueue.mem)
    os_timer_mq_data                         0x20000074   Data          80  rtx_lib.o(.bss.os.msgqueue.mem)
    .bss.os.thread.cb                        0x200000c4   Section      136  rtx_lib.o(.bss.os.thread.cb)
    os_idle_thread_cb                        0x200000c4   Data          68  rtx_lib.o(.bss.os.thread.cb)
    os_timer_thread_cb                       0x20000108   Data          68  rtx_lib.o(.bss.os.thread.cb)
    .bss.os.thread.stack                     0x20000150   Section      512  rtx_lib.o(.bss.os.thread.stack)
    os_idle_thread_stack                     0x20000150   Data         256  rtx_lib.o(.bss.os.thread.stack)
    os_timer_thread_stack                    0x20000250   Data         256  rtx_lib.o(.bss.os.thread.stack)
    .data                                    0x20000350   Section       24  rtx.o(.data)
    .data                                    0x20000368   Section     1048  buzzercontrol.o(.data)
    .data                                    0x20000780   Section       16  motorcontrol.o(.data)
    .data                                    0x20000790   Section        5  rtx_lib.o(.data)
    os_kernel_active                         0x20000794   Data           1  rtx_lib.o(.data)
    .data                                    0x20000798   Section        4  system_mkl25z4.o(.data)
    .bss                                     0x20000840   Section       96  libspace.o(.bss)
    [Anonymous Symbol]                       0x200008a0   Section        0  os_systick.o(.bss.PendST)
    PendST                                   0x200008a0   Data           1  os_systick.o(.bss.PendST)
    HEAP                                     0x200008a8   Section        0  startup_mkl25z4.o(HEAP)
    STACK                                    0x200008a8   Section      256  startup_mkl25z4.o(STACK)
    Heap_Mem                                 0x200008a8   Data           0  startup_mkl25z4.o(HEAP)
    Stack_Mem                                0x200008a8   Data         256  startup_mkl25z4.o(STACK)
    __initial_sp                             0x200009a8   Data           0  startup_mkl25z4.o(STACK)

    Global Symbols

    Symbol Name                              Value     Ov Type        Size  Object(Section)

    BuildAttributes$$THM_ISAv3M$S$PE$A:L22$X:L11$S22$IEEE1$IW$~IW$USESV6$~STKCKD$USESV7$~SHL$OSPACE$ROPI$EBA8$UX$STANDARDLIB$REQ8$PRES8$EABIv2 0x00000000   Number         0  anon$$obj.o ABSOLUTE
    __ARM_use_no_argv                        0x00000000   Number         0  rtx.o ABSOLUTE
    __Vectors                                0x00000000   Data           4  startup_mkl25z4.o(RESET)
    .bss.os.evflags.cb$$Base                  - Undefined Weak Reference
    .bss.os.evflags.cb$$Limit                 - Undefined Weak Reference
    .bss.os.mempool.cb$$Base                  - Undefined Weak Reference
    .bss.os.mempool.cb$$Limit                 - Undefined Weak Reference
    .bss.os.mutex.cb$$Base                    - Undefined Weak Reference
    .bss.os.mutex.cb$$Limit                   - Undefined Weak Reference
    .bss.os.semaphore.cb$$Base                - Undefined Weak Reference
    .bss.os.semaphore.cb$$Limit               - Undefined Weak Reference
    .bss.os.timer.cb$$Base                    - Undefined Weak Reference
    .bss.os.timer.cb$$Limit                   - Undefined Weak Reference
    __ARM_exceptions_init                     - Undefined Weak Reference
    __alloca_initialize                       - Undefined Weak Reference
    __arm_preinit_                            - Undefined Weak Reference
    __cpp_initialize__aeabi_                  - Undefined Weak Reference
    __cxa_finalize                            - Undefined Weak Reference
    __rt_locale                               - Undefined Weak Reference
    __sigvec_lookup                           - Undefined Weak Reference
    _atexit_init                              - Undefined Weak Reference
    _call_atexit_fns                          - Undefined Weak Reference
    _clock_init                               - Undefined Weak Reference
    _fp_trap_init                             - Undefined Weak Reference
    _fp_trap_shutdown                         - Undefined Weak Reference
    _get_lc_collate                           - Undefined Weak Reference
    _get_lc_ctype                             - Undefined Weak Reference
    _get_lc_monetary                          - Undefined Weak Reference
    _get_lc_numeric                           - Undefined Weak Reference
    _get_lc_time                              - Undefined Weak Reference
    _getenv_init                              - Undefined Weak Reference
    _handle_redirection                       - Undefined Weak Reference
    _init_alloc                               - Undefined Weak Reference
    _init_user_alloc                          - Undefined Weak Reference
    _initio                                   - Undefined Weak Reference
    _rand_init                                - Undefined Weak Reference
    _signal_finish                            - Undefined Weak Reference
    _signal_init                              - Undefined Weak Reference
    _terminate_alloc                          - Undefined Weak Reference
    _terminate_user_alloc                     - Undefined Weak Reference
    _terminateio                              - Undefined Weak Reference
    __Vectors_End                            0x000000c0   Data           0  startup_mkl25z4.o(RESET)
    __Vectors_Size                           0x000000c0   Number         0  startup_mkl25z4.o ABSOLUTE
    __main                                   0x000000c1   Thumb Code     8  __main.o(!!!main)
    __scatterload                            0x000000c9   Thumb Code     0  __scatter.o(!!!scatter)
    __scatterload_rt2                        0x000000c9   Thumb Code    52  __scatter.o(!!!scatter)
    __scatterload_rt2_thumb_only             0x000000c9   Thumb Code     0  __scatter.o(!!!scatter)
    __scatterload_null                       0x000000d9   Thumb Code     0  __scatter.o(!!!scatter)
    __scatterload_zeroinit                   0x00000105   Thumb Code    28  __scatter_zi.o(!!handler_zi)
    __rt_lib_init                            0x00000121   Thumb Code     0  libinit.o(.ARM.Collect$$libinit$$00000000)
    __rt_lib_init_alloca_1                   0x00000123   Thumb Code     0  libinit2.o(.ARM.Collect$$libinit$$0000002E)
    __rt_lib_init_argv_1                     0x00000123   Thumb Code     0  libinit2.o(.ARM.Collect$$libinit$$0000002C)
    __rt_lib_init_atexit_1                   0x00000123   Thumb Code     0  libinit2.o(.ARM.Collect$$libinit$$0000001B)
    __rt_lib_init_clock_1                    0x00000123   Thumb Code     0  libinit2.o(.ARM.Collect$$libinit$$00000021)
    __rt_lib_init_cpp_1                      0x00000123   Thumb Code     0  libinit2.o(.ARM.Collect$$libinit$$00000032)
    __rt_lib_init_exceptions_1               0x00000123   Thumb Code     0  libinit2.o(.ARM.Collect$$libinit$$00000030)
    __rt_lib_init_fp_1                       0x00000123   Thumb Code     0  libinit2.o(.ARM.Collect$$libinit$$00000002)
    __rt_lib_init_fp_trap_1                  0x00000123   Thumb Code     0  libinit2.o(.ARM.Collect$$libinit$$0000001F)
    __rt_lib_init_getenv_1                   0x00000123   Thumb Code     0  libinit2.o(.ARM.Collect$$libinit$$00000023)
    __rt_lib_init_heap_1                     0x00000123   Thumb Code     0  libinit2.o(.ARM.Collect$$libinit$$0000000A)
    __rt_lib_init_lc_collate_1               0x00000123   Thumb Code     0  libinit2.o(.ARM.Collect$$libinit$$00000011)
    __rt_lib_init_lc_ctype_1                 0x00000123   Thumb Code     0  libinit2.o(.ARM.Collect$$libinit$$00000013)
    __rt_lib_init_lc_monetary_1              0x00000123   Thumb Code     0  libinit2.o(.ARM.Collect$$libinit$$00000015)
    __rt_lib_init_lc_numeric_1               0x00000123   Thumb Code     0  libinit2.o(.ARM.Collect$$libinit$$00000017)
    __rt_lib_init_lc_time_1                  0x00000123   Thumb Code     0  libinit2.o(.ARM.Collect$$libinit$$00000019)
    __rt_lib_init_preinit_1                  0x00000123   Thumb Code     0  libinit2.o(.ARM.Collect$$libinit$$00000004)
    __rt_lib_init_rand_1                     0x00000123   Thumb Code     0  libinit2.o(.ARM.Collect$$libinit$$0000000E)
    __rt_lib_init_return                     0x00000123   Thumb Code     0  libinit2.o(.ARM.Collect$$libinit$$00000033)
    __rt_lib_init_signal_1                   0x00000123   Thumb Code     0  libinit2.o(.ARM.Collect$$libinit$$0000001D)
    __rt_lib_init_stdio_1                    0x00000123   Thumb Code     0  libinit2.o(.ARM.Collect$$libinit$$00000025)
    __rt_lib_init_user_alloc_1               0x00000123   Thumb Code     0  libinit2.o(.ARM.Collect$$libinit$$0000000C)
    __rt_lib_shutdown                        0x00000125   Thumb Code     0  libshutdown.o(.ARM.Collect$$libshutdown$$00000000)
    __rt_lib_shutdown_cpp_1                  0x00000127   Thumb Code     0  libshutdown2.o(.ARM.Collect$$libshutdown$$00000002)
    __rt_lib_shutdown_fp_trap_1              0x00000127   Thumb Code     0  libshutdown2.o(.ARM.Collect$$libshutdown$$00000007)
    __rt_lib_shutdown_heap_1                 0x00000127   Thumb Code     0  libshutdown2.o(.ARM.Collect$$libshutdown$$0000000F)
    __rt_lib_shutdown_return                 0x00000127   Thumb Code     0  libshutdown2.o(.ARM.Collect$$libshutdown$$00000010)
    __rt_lib_shutdown_signal_1               0x00000127   Thumb Code     0  libshutdown2.o(.ARM.Collect$$libshutdown$$0000000A)
    __rt_lib_shutdown_stdio_1                0x00000127   Thumb Code     0  libshutdown2.o(.ARM.Collect$$libshutdown$$00000004)
    __rt_lib_shutdown_user_alloc_1           0x00000127   Thumb Code     0  libshutdown2.o(.ARM.Collect$$libshutdown$$0000000C)
    __rt_entry                               0x00000129   Thumb Code     0  __rtentry.o(.ARM.Collect$$rtentry$$00000000)
    __rt_entry_presh_1                       0x00000129   Thumb Code     0  __rtentry2.o(.ARM.Collect$$rtentry$$00000002)
    __rt_entry_sh                            0x00000129   Thumb Code     0  __rtentry4.o(.ARM.Collect$$rtentry$$00000004)
    __rt_entry_postsh_1                      0x0000012f   Thumb Code     0  __rtentry2.o(.ARM.Collect$$rtentry$$00000008)
    __rt_entry_li                            0x00000137   Thumb Code     0  __rtentry2.o(.ARM.Collect$$rtentry$$0000000A)
    __rt_entry_main                          0x0000013b   Thumb Code     0  __rtentry2.o(.ARM.Collect$$rtentry$$0000000D)
    __rt_entry_postli_1                      0x0000013b   Thumb Code     0  __rtentry2.o(.ARM.Collect$$rtentry$$0000000C)
    __rt_exit                                0x00000143   Thumb Code     0  rtexit.o(.ARM.Collect$$rtexit$$00000000)
    __rt_exit_ls                             0x00000145   Thumb Code     0  rtexit2.o(.ARM.Collect$$rtexit$$00000003)
    __rt_exit_prels_1                        0x00000145   Thumb Code     0  rtexit2.o(.ARM.Collect$$rtexit$$00000002)
    __rt_exit_exit                           0x00000149   Thumb Code     0  rtexit2.o(.ARM.Collect$$rtexit$$00000004)
    __aeabi_memcpy4                          0x00000151   Thumb Code    56  rt_memcpy.o(.emb_text)
    __aeabi_memcpy8                          0x00000151   Thumb Code     0  rt_memcpy.o(.emb_text)
    Reset_Handler                            0x00000189   Thumb Code    12  startup_mkl25z4.o(.text)
    NMI_Handler                              0x00000195   Thumb Code     2  startup_mkl25z4.o(.text)
    HardFault_Handler                        0x00000197   Thumb Code     2  startup_mkl25z4.o(.text)
    ADC0_IRQHandler                          0x0000019f   Thumb Code     0  startup_mkl25z4.o(.text)
    CMP0_IRQHandler                          0x0000019f   Thumb Code     0  startup_mkl25z4.o(.text)
    DAC0_IRQHandler                          0x0000019f   Thumb Code     0  startup_mkl25z4.o(.text)
    DMA0_IRQHandler                          0x0000019f   Thumb Code     0  startup_mkl25z4.o(.text)
    DMA1_IRQHandler                          0x0000019f   Thumb Code     0  startup_mkl25z4.o(.text)
    DMA2_IRQHandler                          0x0000019f   Thumb Code     0  startup_mkl25z4.o(.text)
    DMA3_IRQHandler                          0x0000019f   Thumb Code     0  startup_mkl25z4.o(.text)
    DefaultISR                               0x0000019f   Thumb Code     0  startup_mkl25z4.o(.text)
    FTFA_IRQHandler                          0x0000019f   Thumb Code     0  startup_mkl25z4.o(.text)
    I2C0_IRQHandler                          0x0000019f   Thumb Code     0  startup_mkl25z4.o(.text)
    I2C1_IRQHandler                          0x0000019f   Thumb Code     0  startup_mkl25z4.o(.text)
    LLWU_IRQHandler                          0x0000019f   Thumb Code     0  startup_mkl25z4.o(.text)
    LPTMR0_IRQHandler                        0x0000019f   Thumb Code     0  startup_mkl25z4.o(.text)
    LVD_LVW_IRQHandler                       0x0000019f   Thumb Code     0  startup_mkl25z4.o(.text)
    MCG_IRQHandler                           0x0000019f   Thumb Code     0  startup_mkl25z4.o(.text)
    PIT_IRQHandler                           0x0000019f   Thumb Code     0  startup_mkl25z4.o(.text)
    PORTA_IRQHandler                         0x0000019f   Thumb Code     0  startup_mkl25z4.o(.text)
    PORTD_IRQHandler                         0x0000019f   Thumb Code     0  startup_mkl25z4.o(.text)
    RTC_IRQHandler                           0x0000019f   Thumb Code     0  startup_mkl25z4.o(.text)
    RTC_Seconds_IRQHandler                   0x0000019f   Thumb Code     0  startup_mkl25z4.o(.text)
    Reserved20_IRQHandler                    0x0000019f   Thumb Code     0  startup_mkl25z4.o(.text)
    Reserved39_IRQHandler                    0x0000019f   Thumb Code     0  startup_mkl25z4.o(.text)
    Reserved45_IRQHandler                    0x0000019f   Thumb Code     0  startup_mkl25z4.o(.text)
    SPI0_IRQHandler                          0x0000019f   Thumb Code     0  startup_mkl25z4.o(.text)
    SPI1_IRQHandler                          0x0000019f   Thumb Code     0  startup_mkl25z4.o(.text)
    TPM0_IRQHandler                          0x0000019f   Thumb Code     0  startup_mkl25z4.o(.text)
    TPM1_IRQHandler                          0x0000019f   Thumb Code     0  startup_mkl25z4.o(.text)
    TPM2_IRQHandler                          0x0000019f   Thumb Code     0  startup_mkl25z4.o(.text)
    TSI0_IRQHandler                          0x0000019f   Thumb Code     0  startup_mkl25z4.o(.text)
    UART0_IRQHandler                         0x0000019f   Thumb Code     0  startup_mkl25z4.o(.text)
    UART1_IRQHandler                         0x0000019f   Thumb Code     0  startup_mkl25z4.o(.text)
    USB0_IRQHandler                          0x0000019f   Thumb Code     0  startup_mkl25z4.o(.text)
    __user_initial_stackheap                 0x000001a5   Thumb Code     0  startup_mkl25z4.o(.text)
    SVC_Handler                              0x000001c9   Thumb Code   132  irq_cm0.o(.text)
    PendSV_Handler                           0x0000024d   Thumb Code    12  irq_cm0.o(.text)
    SysTick_Handler                          0x00000259   Thumb Code    12  irq_cm0.o(.text)
    __aeabi_memcpy                           0x0000026d   Thumb Code   130  rt_memcpy.o(.text)
    __rt_memcpy                              0x0000026d   Thumb Code     0  rt_memcpy.o(.text)
    _memset_w                                0x000002ef   Thumb Code    26  rt_memclr.o(.text)
    _memset                                  0x00000309   Thumb Code    30  rt_memclr.o(.text)
    __aeabi_memclr                           0x00000327   Thumb Code     4  rt_memclr.o(.text)
    __rt_memclr                              0x00000327   Thumb Code     0  rt_memclr.o(.text)
    __aeabi_memclr4                          0x0000032b   Thumb Code     0  rt_memclr.o(.text)
    __aeabi_memclr8                          0x0000032b   Thumb Code     0  rt_memclr.o(.text)
    __rt_memclr_w                            0x0000032b   Thumb Code     4  rt_memclr.o(.text)
    __use_two_region_memory                  0x0000032f   Thumb Code     2  heapauxi.o(.text)
    __rt_heap_escrow$2region                 0x00000331   Thumb Code     2  heapauxi.o(.text)
    __rt_heap_expand$2region                 0x00000333   Thumb Code     2  heapauxi.o(.text)
    __user_setup_stackheap                   0x00000335   Thumb Code    62  sys_stackheap_outer.o(.text)
    exit                                     0x00000373   Thumb Code    16  exit.o(.text)
    __user_libspace                          0x00000385   Thumb Code     8  libspace.o(.text)
    __user_perproc_libspace                  0x00000385   Thumb Code     0  libspace.o(.text)
    _sys_exit                                0x0000038d   Thumb Code     8  sys_exit.o(.text)
    __I$use$semihosting                      0x00000399   Thumb Code     0  use_no_semi.o(.text)
    __use_no_semihosting_swi                 0x00000399   Thumb Code     2  use_no_semi.o(.text)
    __decompress                             0x0000039b   Thumb Code     0  __dczerorl2.o(.text)
    __decompress1                            0x0000039b   Thumb Code    86  __dczerorl2.o(.text)
    __semihosting_library_function           0x0000039b   Thumb Code     0  indicate_semi.o(.text)
    OS_Tick_AcknowledgeIRQ                   0x000003f1   Thumb Code    12  os_systick.o(.text.OS_Tick_AcknowledgeIRQ)
    osRtxKernelPreInit                       0x000003fd   Thumb Code     2  rtx_kernel.o(.text.osRtxKernelPreInit)
    __aeabi_uidiv                            0x00000411   Thumb Code     0  aeabi_sdiv.o(.text)
    __aeabi_uidivmod                         0x00000411   Thumb Code    20  aeabi_sdiv.o(.text)
    __aeabi_idiv                             0x00000425   Thumb Code     0  aeabi_sdiv.o(.text)
    __aeabi_idivmod                          0x00000425   Thumb Code   326  aeabi_sdiv.o(.text)
    OS_Tick_Enable                           0x00000639   Thumb Code    44  os_systick.o(.text.OS_Tick_Enable)
    OS_Tick_GetIRQn                          0x00000665   Thumb Code     6  os_systick.o(.text.OS_Tick_GetIRQn)
    OS_Tick_Setup                            0x0000066d   Thumb Code    76  os_systick.o(.text.OS_Tick_Setup)
    osDelay                                  0x00000755   Thumb Code    40  rtx_delay.o(.text.osDelay)
    osKernelGetState                         0x0000077d   Thumb Code    48  rtx_kernel.o(.text.osKernelGetState)
    osKernelInitialize                       0x000007ad   Thumb Code    40  rtx_kernel.o(.text.osKernelInitialize)
    osKernelStart                            0x000007d5   Thumb Code    36  rtx_kernel.o(.text.osKernelStart)
    osMessageQueueGet                        0x000007f9   Thumb Code   116  rtx_msgqueue.o(.text.osMessageQueueGet)
    osMessageQueueNew                        0x0000086d   Thumb Code    36  rtx_msgqueue.o(.text.osMessageQueueNew)
    osMessageQueuePut                        0x00000891   Thumb Code   120  rtx_msgqueue.o(.text.osMessageQueuePut)
    osMutexAcquire                           0x00000909   Thumb Code    40  rtx_mutex.o(.text.osMutexAcquire)
    osMutexDelete                            0x00000931   Thumb Code    40  rtx_mutex.o(.text.osMutexDelete)
    osMutexNew                               0x00000959   Thumb Code    36  rtx_mutex.o(.text.osMutexNew)
    osMutexRelease                           0x0000097d   Thumb Code    40  rtx_mutex.o(.text.osMutexRelease)
    osRtxMemoryAlloc                         0x000009a5   Thumb Code   124  rtx_memory.o(.text.osRtxMemoryAlloc)
    osRtxMemoryFree                          0x00000a21   Thumb Code    78  rtx_memory.o(.text.osRtxMemoryFree)
    osRtxMemoryInit                          0x00000a6f   Thumb Code    50  rtx_memory.o(.text.osRtxMemoryInit)
    osRtxMemoryPoolAlloc                     0x00000aa1   Thumb Code    46  rtx_mempool.o(.text.osRtxMemoryPoolAlloc)
    osRtxMemoryPoolFree                      0x00000acf   Thumb Code    58  rtx_mempool.o(.text.osRtxMemoryPoolFree)
    osRtxMemoryPoolInit                      0x00000b09   Thumb Code    62  rtx_mempool.o(.text.osRtxMemoryPoolInit)
    osRtxMutexOwnerRelease                   0x00000c03   Thumb Code    68  rtx_mutex.o(.text.osRtxMutexOwnerRelease)
    osRtxPendSV_Handler                      0x00000c49   Thumb Code   128  rtx_system.o(.text.osRtxPendSV_Handler)
    osRtxPostProcess                         0x00000cc9   Thumb Code   108  rtx_system.o(.text.osRtxPostProcess)
    osRtxThreadDelayTick                     0x00000e31   Thumb Code    56  rtx_thread.o(.text.osRtxThreadDelayTick)
    osRtxThreadDispatch                      0x00000e69   Thumb Code    80  rtx_thread.o(.text.osRtxThreadDispatch)
    osRtxThreadListGet                       0x00000f0d   Thumb Code    20  rtx_thread.o(.text.osRtxThreadListGet)
    osRtxThreadListPut                       0x00000f21   Thumb Code    44  rtx_thread.o(.text.osRtxThreadListPut)
    osRtxThreadListRemove                    0x00000f4d   Thumb Code    24  rtx_thread.o(.text.osRtxThreadListRemove)
    osRtxThreadListSort                      0x00000f65   Thumb Code    38  rtx_thread.o(.text.osRtxThreadListSort)
    osRtxThreadReadyPut                      0x00000fb1   Thumb Code    24  rtx_thread.o(.text.osRtxThreadReadyPut)
    osRtxThreadRegPtr                        0x00000fc9   Thumb Code     6  rtx_thread.o(.text.osRtxThreadRegPtr)
    osRtxThreadStackCheck                    0x00000fd1   Thumb Code    44  rtx_thread.o(.text.osRtxThreadStackCheck)
    osRtxThreadStartup                       0x00000ffd   Thumb Code    64  rtx_thread.o(.text.osRtxThreadStartup)
    osRtxThreadSwitch                        0x0000103d   Thumb Code    20  rtx_thread.o(.text.osRtxThreadSwitch)
    osRtxThreadWaitEnter                     0x00001051   Thumb Code    60  rtx_thread.o(.text.osRtxThreadWaitEnter)
    osRtxThreadWaitExit                      0x0000108d   Thumb Code    34  rtx_thread.o(.text.osRtxThreadWaitExit)
    osRtxTick_Handler                        0x000010b1   Thumb Code   116  rtx_system.o(.text.osRtxTick_Handler)
    osRtxTimerThread                         0x00001125   Thumb Code    60  rtx_timer.o(.text.osRtxTimerThread)
    osThreadExit                             0x000011c1   Thumb Code    12  rtx_thread.o(.text.osThreadExit)
    osThreadFlagsSet                         0x000011cd   Thumb Code    88  rtx_thread.o(.text.osThreadFlagsSet)
    osThreadFlagsWait                        0x00001225   Thumb Code    40  rtx_thread.o(.text.osThreadFlagsWait)
    osThreadNew                              0x0000124d   Thumb Code    36  rtx_thread.o(.text.osThreadNew)
    BlinkAllGreenLed                         0x00001d7d   Thumb Code    34  ledcontrol.o(i.BlinkAllGreenLed)
    InitUART2                                0x00001da1   Thumb Code   210  uart.o(i.InitUART2)
    LightUpAllGreenLed                       0x00001e89   Thumb Code    14  ledcontrol.o(i.LightUpAllGreenLed)
    LightUpAllRedLed                         0x00001ea1   Thumb Code    14  ledcontrol.o(i.LightUpAllRedLed)
    SystemCoreClockUpdate                    0x00001eb9   Thumb Code   372  system_mkl25z4.o(i.SystemCoreClockUpdate)
    SystemInit                               0x00002049   Thumb Code     8  system_mkl25z4.o(i.SystemInit)
    UART2_IRQHandler                         0x00002055   Thumb Code    54  rtx.o(i.UART2_IRQHandler)
    __ARM_common_switch8                     0x0000209d   Thumb Code    28  ledcontrol.o(i.__ARM_common_switch8)
    _mutex_acquire                           0x00002131   Thumb Code    24  rtx_lib.o(i._mutex_acquire)
    _mutex_free                              0x00002149   Thumb Code    12  rtx_lib.o(i._mutex_free)
    _mutex_initialize                        0x00002155   Thumb Code    36  rtx_lib.o(i._mutex_initialize)
    _mutex_release                           0x00002179   Thumb Code    20  rtx_lib.o(i._mutex_release)
    _platform_post_stackheap_init            0x0000218d   Thumb Code     8  rtx_lib.o(i._platform_post_stackheap_init)
    backward_move                            0x00002195   Thumb Code    38  motorcontrol.o(i.backward_move)
    buzzer_thread                            0x000021d9   Thumb Code   126  rtx.o(i.buzzer_thread)
    forward_move                             0x0000225d   Thumb Code    38  motorcontrol.o(i.forward_move)
    initLedStrip                             0x000022a1   Thumb Code   192  ledcontrol.o(i.initLedStrip)
    initPWM                                  0x00002365   Thumb Code   504  common.o(i.initPWM)
    led_thread                               0x00002579   Thumb Code   258  rtx.o(i.led_thread)
    left_move                                0x0000268d   Thumb Code    66  motorcontrol.o(i.left_move)
    main                                     0x000026e9   Thumb Code   102  rtx.o(i.main)
    main_buzzer                              0x00002775   Thumb Code   200  buzzercontrol.o(i.main_buzzer)
    messager_thread                          0x0000285d   Thumb Code   152  rtx.o(i.messager_thread)
    motor_thread                             0x0000290d   Thumb Code   112  rtx.o(i.motor_thread)
    offAllGreenLed                           0x00002985   Thumb Code    14  ledcontrol.o(i.offAllGreenLed)
    offAllRedLed                             0x0000299d   Thumb Code    14  ledcontrol.o(i.offAllRedLed)
    osRtxErrorNotify                         0x000029b5   Thumb Code    32  rtx_config.o(i.osRtxErrorNotify)
    osRtxIdleThread                          0x000029d5   Thumb Code     4  rtx_config.o(i.osRtxIdleThread)
    right_move                               0x000029fd   Thumb Code    66  motorcontrol.o(i.right_move)
    setPortPinIO                             0x00002a59   Thumb Code   154  ledcontrol.o(i.setPortPinIO)
    stop_move                                0x00002b11   Thumb Code    38  motorcontrol.o(i.stop_move)
    stop_turning                             0x00002b51   Thumb Code    34  motorcontrol.o(i.stop_turning)
    osRtxUserSVC                             0x00002c0c   Data           4  rtx_lib.o(.constdata)
    irqRtxLib                                0x00002c10   Data           1  irq_cm0.o(.constdata)
    osRtxConfig                              0x00002c14   Data         104  rtx_lib.o(.rodata)
    os_cb_sections                           0x00002c7c   Data          56  rtx_lib.o(.rodata)
    Region$$Table$$Base                      0x00002cc0   Number         0  anon$$obj.o(Region$$Table)
    Region$$Table$$Limit                     0x00002ce0   Number         0  anon$$obj.o(Region$$Table)
    .bss.os.msgqueue.cb$$Base                0x20000040   Number         0  rtx_lib.o(.bss.os.msgqueue.cb)
    .bss.os.msgqueue.cb$$Limit               0x20000074   Number         0  rtx_lib.o(.bss.os.msgqueue.cb)
    .bss.os.thread.cb$$Base                  0x200000c4   Number         0  rtx_lib.o(.bss.os.thread.cb)
    .bss.os.thread.cb$$Limit                 0x2000014c   Number         0  rtx_lib.o(.bss.os.thread.cb)
    data                                     0x20000350   Data           1  rtx.o(.data)
    status                                   0x20000351   Data           1  rtx.o(.data)
    startOrEnd                               0x20000352   Data           1  rtx.o(.data)
    isMoving                                 0x20000353   Data           1  rtx.o(.data)
    motorId                                  0x20000354   Data           4  rtx.o(.data)
    messagerId                               0x20000358   Data           4  rtx.o(.data)
    buzzerId                                 0x2000035c   Data           4  rtx.o(.data)
    ledId                                    0x20000360   Data           4  rtx.o(.data)
    motorMsg                                 0x20000364   Data           4  rtx.o(.data)
    score_jingle_bell                        0x20000368   Data          88  buzzercontrol.o(.data)
    duration_jingle_bell                     0x200003c0   Data          88  buzzercontrol.o(.data)
    score_brawl_stars_begin                  0x20000418   Data          56  buzzercontrol.o(.data)
    duration_brawl_stars_begin               0x20000450   Data          56  buzzercontrol.o(.data)
    score_old_donald                         0x20000488   Data         120  buzzercontrol.o(.data)
    duration_old_donald                      0x20000500   Data         120  buzzercontrol.o(.data)
    score_happy_birthday                     0x20000578   Data         200  buzzercontrol.o(.data)
    duration_happy_birthday                  0x20000640   Data         200  buzzercontrol.o(.data)
    test_music_note                          0x20000708   Data         120  buzzercontrol.o(.data)
    temp_LF                                  0x20000780   Data           4  motorcontrol.o(.data)
    temp_RF                                  0x20000784   Data           4  motorcontrol.o(.data)
    temp_LB                                  0x20000788   Data           4  motorcontrol.o(.data)
    temp_RB                                  0x2000078c   Data           4  motorcontrol.o(.data)
    irqRtxLibRef                             0x20000790   Data           4  rtx_lib.o(.data)
    SystemCoreClock                          0x20000798   Data           4  system_mkl25z4.o(.data)
    osRtxInfo                                0x2000079c   Data         164  rtx_kernel.o(.data.os)
    __libspace_start                         0x20000840   Data          96  libspace.o(.bss)
    __temporary_stack_top$libspace           0x200008a0   Data           0  libspace.o(.bss)



==============================================================================

Memory Map of the image

  Image Entry point : 0x00000189

  Load Region LR_1 (Base: 0x00000000, Size: 0x00004520, Max: 0xffffffff, ABSOLUTE, COMPRESSED[0x00002dec])

    Execution Region ER_RO (Exec base: 0x00000000, Load base: 0x00000000, Size: 0x00002ce0, Max: 0xffffffff, ABSOLUTE)

    Exec Addr    Load Addr    Size         Type   Attr      Idx    E Section Name        Object

    0x00000000   0x00000000   0x000000c0   Data   RO          422    RESET               startup_mkl25z4.o
    0x000000c0   0x000000c0   0x00000008   Code   RO          940  * !!!main             c_p.l(__main.o)
    0x000000c8   0x000000c8   0x0000003c   Code   RO         1109    !!!scatter          c_p.l(__scatter.o)
    0x00000104   0x00000104   0x0000001c   Code   RO         1111    !!handler_zi        c_p.l(__scatter_zi.o)
    0x00000120   0x00000120   0x00000002   Code   RO          976    .ARM.Collect$$libinit$$00000000  c_p.l(libinit.o)
    0x00000122   0x00000122   0x00000000   Code   RO          990    .ARM.Collect$$libinit$$00000002  c_p.l(libinit2.o)
    0x00000122   0x00000122   0x00000000   Code   RO          992    .ARM.Collect$$libinit$$00000004  c_p.l(libinit2.o)
    0x00000122   0x00000122   0x00000000   Code   RO          995    .ARM.Collect$$libinit$$0000000A  c_p.l(libinit2.o)
    0x00000122   0x00000122   0x00000000   Code   RO          997    .ARM.Collect$$libinit$$0000000C  c_p.l(libinit2.o)
    0x00000122   0x00000122   0x00000000   Code   RO          999    .ARM.Collect$$libinit$$0000000E  c_p.l(libinit2.o)
    0x00000122   0x00000122   0x00000000   Code   RO         1002    .ARM.Collect$$libinit$$00000011  c_p.l(libinit2.o)
    0x00000122   0x00000122   0x00000000   Code   RO         1004    .ARM.Collect$$libinit$$00000013  c_p.l(libinit2.o)
    0x00000122   0x00000122   0x00000000   Code   RO         1006    .ARM.Collect$$libinit$$00000015  c_p.l(libinit2.o)
    0x00000122   0x00000122   0x00000000   Code   RO         1008    .ARM.Collect$$libinit$$00000017  c_p.l(libinit2.o)
    0x00000122   0x00000122   0x00000000   Code   RO         1010    .ARM.Collect$$libinit$$00000019  c_p.l(libinit2.o)
    0x00000122   0x00000122   0x00000000   Code   RO         1012    .ARM.Collect$$libinit$$0000001B  c_p.l(libinit2.o)
    0x00000122   0x00000122   0x00000000   Code   RO         1014    .ARM.Collect$$libinit$$0000001D  c_p.l(libinit2.o)
    0x00000122   0x00000122   0x00000000   Code   RO         1016    .ARM.Collect$$libinit$$0000001F  c_p.l(libinit2.o)
    0x00000122   0x00000122   0x00000000   Code   RO         1018    .ARM.Collect$$libinit$$00000021  c_p.l(libinit2.o)
    0x00000122   0x00000122   0x00000000   Code   RO         1020    .ARM.Collect$$libinit$$00000023  c_p.l(libinit2.o)
    0x00000122   0x00000122   0x00000000   Code   RO         1022    .ARM.Collect$$libinit$$00000025  c_p.l(libinit2.o)
    0x00000122   0x00000122   0x00000000   Code   RO         1026    .ARM.Collect$$libinit$$0000002C  c_p.l(libinit2.o)
    0x00000122   0x00000122   0x00000000   Code   RO         1028    .ARM.Collect$$libinit$$0000002E  c_p.l(libinit2.o)
    0x00000122   0x00000122   0x00000000   Code   RO         1030    .ARM.Collect$$libinit$$00000030  c_p.l(libinit2.o)
    0x00000122   0x00000122   0x00000000   Code   RO         1032    .ARM.Collect$$libinit$$00000032  c_p.l(libinit2.o)
    0x00000122   0x00000122   0x00000002   Code   RO         1033    .ARM.Collect$$libinit$$00000033  c_p.l(libinit2.o)
    0x00000124   0x00000124   0x00000002   Code   RO         1064    .ARM.Collect$$libshutdown$$00000000  c_p.l(libshutdown.o)
    0x00000126   0x00000126   0x00000000   Code   RO         1090    .ARM.Collect$$libshutdown$$00000002  c_p.l(libshutdown2.o)
    0x00000126   0x00000126   0x00000000   Code   RO         1092    .ARM.Collect$$libshutdown$$00000004  c_p.l(libshutdown2.o)
    0x00000126   0x00000126   0x00000000   Code   RO         1095    .ARM.Collect$$libshutdown$$00000007  c_p.l(libshutdown2.o)
    0x00000126   0x00000126   0x00000000   Code   RO         1098    .ARM.Collect$$libshutdown$$0000000A  c_p.l(libshutdown2.o)
    0x00000126   0x00000126   0x00000000   Code   RO         1100    .ARM.Collect$$libshutdown$$0000000C  c_p.l(libshutdown2.o)
    0x00000126   0x00000126   0x00000000   Code   RO         1103    .ARM.Collect$$libshutdown$$0000000F  c_p.l(libshutdown2.o)
    0x00000126   0x00000126   0x00000002   Code   RO         1104    .ARM.Collect$$libshutdown$$00000010  c_p.l(libshutdown2.o)
    0x00000128   0x00000128   0x00000000   Code   RO          942    .ARM.Collect$$rtentry$$00000000  c_p.l(__rtentry.o)
    0x00000128   0x00000128   0x00000000   Code   RO          948    .ARM.Collect$$rtentry$$00000002  c_p.l(__rtentry2.o)
    0x00000128   0x00000128   0x00000006   Code   RO          960    .ARM.Collect$$rtentry$$00000004  c_p.l(__rtentry4.o)
    0x0000012e   0x0000012e   0x00000008   Code   RO          949    .ARM.Collect$$rtentry$$00000008  c_p.l(__rtentry2.o)
    0x00000136   0x00000136   0x00000004   Code   RO          951    .ARM.Collect$$rtentry$$0000000A  c_p.l(__rtentry2.o)
    0x0000013a   0x0000013a   0x00000000   Code   RO          953    .ARM.Collect$$rtentry$$0000000C  c_p.l(__rtentry2.o)
    0x0000013a   0x0000013a   0x00000008   Code   RO          954    .ARM.Collect$$rtentry$$0000000D  c_p.l(__rtentry2.o)
    0x00000142   0x00000142   0x00000002   Code   RO          981    .ARM.Collect$$rtexit$$00000000  c_p.l(rtexit.o)
    0x00000144   0x00000144   0x00000000   Code   RO         1037    .ARM.Collect$$rtexit$$00000002  c_p.l(rtexit2.o)
    0x00000144   0x00000144   0x00000004   Code   RO         1038    .ARM.Collect$$rtexit$$00000003  c_p.l(rtexit2.o)
    0x00000148   0x00000148   0x00000006   Code   RO         1039    .ARM.Collect$$rtexit$$00000004  c_p.l(rtexit2.o)
    0x0000014e   0x0000014e   0x00000002   PAD
    0x00000150   0x00000150   0x00000038   Code   RO          928    .emb_text           c_p.l(rt_memcpy.o)
    0x00000188   0x00000188   0x00000040   Code   RO          424  * .text               startup_mkl25z4.o
    0x000001c8   0x000001c8   0x000000a4   Code   RO          770    .text               RTX_CM0.lib(irq_cm0.o)
    0x0000026c   0x0000026c   0x00000082   Code   RO          929    .text               c_p.l(rt_memcpy.o)
    0x000002ee   0x000002ee   0x00000040   Code   RO          932    .text               c_p.l(rt_memclr.o)
    0x0000032e   0x0000032e   0x00000006   Code   RO          938    .text               c_p.l(heapauxi.o)
    0x00000334   0x00000334   0x0000003e   Code   RO          964    .text               c_p.l(sys_stackheap_outer.o)
    0x00000372   0x00000372   0x00000010   Code   RO          967    .text               c_p.l(exit.o)
    0x00000382   0x00000382   0x00000002   PAD
    0x00000384   0x00000384   0x00000008   Code   RO          977    .text               c_p.l(libspace.o)
    0x0000038c   0x0000038c   0x0000000c   Code   RO         1034    .text               c_p.l(sys_exit.o)
    0x00000398   0x00000398   0x00000002   Code   RO         1053    .text               c_p.l(use_no_semi.o)
    0x0000039a   0x0000039a   0x00000000   Code   RO         1055    .text               c_p.l(indicate_semi.o)
    0x0000039a   0x0000039a   0x00000056   Code   RO         1107    .text               c_p.l(__dczerorl2.o)
    0x000003f0   0x000003f0   0x0000000c   Code   RO          905    .text.OS_Tick_AcknowledgeIRQ  RTX_CM0.lib(os_systick.o)
    0x000003fc   0x000003fc   0x00000002   Code   RO          463    .text.osRtxKernelPreInit  RTX_CM0.lib(rtx_kernel.o)
    0x000003fe   0x000003fe   0x00000002   PAD
    0x00000400   0x00000400   0x00000010   Code   RO          423    .ARM.__at_0x400     startup_mkl25z4.o
    0x00000410   0x00000410   0x0000015a   Code   RO          934    .text               c_p.l(aeabi_sdiv.o)
    0x0000056a   0x0000056a   0x0000004c   Code   RO          753    .text.MessageQueueGet  RTX_CM0.lib(rtx_msgqueue.o)
    0x000005b6   0x000005b6   0x00000062   Code   RO          747    .text.MessageQueuePut  RTX_CM0.lib(rtx_msgqueue.o)
    0x00000618   0x00000618   0x0000001e   Code   RO          745    .text.MessageQueueRemove  RTX_CM0.lib(rtx_msgqueue.o)
    0x00000636   0x00000636   0x00000002   PAD
    0x00000638   0x00000638   0x0000002c   Code   RO          901    .text.OS_Tick_Enable  RTX_CM0.lib(os_systick.o)
    0x00000664   0x00000664   0x00000006   Code   RO          907    .text.OS_Tick_GetIRQn  RTX_CM0.lib(os_systick.o)
    0x0000066a   0x0000066a   0x00000002   PAD
    0x0000066c   0x0000066c   0x0000004c   Code   RO          899    .text.OS_Tick_Setup  RTX_CM0.lib(os_systick.o)
    0x000006b8   0x000006b8   0x0000004e   Code   RO          608    .text.ThreadFlagsCheck  RTX_CM0.lib(rtx_thread.o)
    0x00000706   0x00000706   0x00000002   PAD
    0x00000708   0x00000708   0x0000004c   Code   RO          791    .text.TimerInsert   RTX_CM0.lib(rtx_timer.o)
    0x00000754   0x00000754   0x00000028   Code   RO          661    .text.osDelay       RTX_CM0.lib(rtx_delay.o)
    0x0000077c   0x0000077c   0x00000030   Code   RO          471    .text.osKernelGetState  RTX_CM0.lib(rtx_kernel.o)
    0x000007ac   0x000007ac   0x00000028   Code   RO          465    .text.osKernelInitialize  RTX_CM0.lib(rtx_kernel.o)
    0x000007d4   0x000007d4   0x00000024   Code   RO          475    .text.osKernelStart  RTX_CM0.lib(rtx_kernel.o)
    0x000007f8   0x000007f8   0x00000074   Code   RO          719    .text.osMessageQueueGet  RTX_CM0.lib(rtx_msgqueue.o)
    0x0000086c   0x0000086c   0x00000024   Code   RO          713    .text.osMessageQueueNew  RTX_CM0.lib(rtx_msgqueue.o)
    0x00000890   0x00000890   0x00000078   Code   RO          717    .text.osMessageQueuePut  RTX_CM0.lib(rtx_msgqueue.o)
    0x00000908   0x00000908   0x00000028   Code   RO          684    .text.osMutexAcquire  RTX_CM0.lib(rtx_mutex.o)
    0x00000930   0x00000930   0x00000028   Code   RO          690    .text.osMutexDelete  RTX_CM0.lib(rtx_mutex.o)
    0x00000958   0x00000958   0x00000024   Code   RO          680    .text.osMutexNew    RTX_CM0.lib(rtx_mutex.o)
    0x0000097c   0x0000097c   0x00000028   Code   RO          686    .text.osMutexRelease  RTX_CM0.lib(rtx_mutex.o)
    0x000009a4   0x000009a4   0x0000007c   Code   RO          818    .text.osRtxMemoryAlloc  RTX_CM0.lib(rtx_memory.o)
    0x00000a20   0x00000a20   0x0000004e   Code   RO          820    .text.osRtxMemoryFree  RTX_CM0.lib(rtx_memory.o)
    0x00000a6e   0x00000a6e   0x00000032   Code   RO          816    .text.osRtxMemoryInit  RTX_CM0.lib(rtx_memory.o)
    0x00000aa0   0x00000aa0   0x0000002e   Code   RO          833    .text.osRtxMemoryPoolAlloc  RTX_CM0.lib(rtx_mempool.o)
    0x00000ace   0x00000ace   0x0000003a   Code   RO          835    .text.osRtxMemoryPoolFree  RTX_CM0.lib(rtx_mempool.o)
    0x00000b08   0x00000b08   0x0000003e   Code   RO          831    .text.osRtxMemoryPoolInit  RTX_CM0.lib(rtx_mempool.o)
    0x00000b46   0x00000b46   0x000000bc   Code   RO          743    .text.osRtxMessageQueuePostProcess  RTX_CM0.lib(rtx_msgqueue.o)
    0x00000c02   0x00000c02   0x00000044   Code   RO          678    .text.osRtxMutexOwnerRelease  RTX_CM0.lib(rtx_mutex.o)
    0x00000c46   0x00000c46   0x00000002   PAD
    0x00000c48   0x00000c48   0x00000080   Code   RO          886    .text.osRtxPendSV_Handler  RTX_CM0.lib(rtx_system.o)
    0x00000cc8   0x00000cc8   0x0000006c   Code   RO          888    .text.osRtxPostProcess  RTX_CM0.lib(rtx_system.o)
    0x00000d34   0x00000d34   0x00000038   Code   RO          548    .text.osRtxThreadBlock  RTX_CM0.lib(rtx_thread.o)
    0x00000d6c   0x00000d6c   0x00000080   Code   RO          556    .text.osRtxThreadDelayInsert  RTX_CM0.lib(rtx_thread.o)
    0x00000dec   0x00000dec   0x00000044   Code   RO          552    .text.osRtxThreadDelayRemove  RTX_CM0.lib(rtx_thread.o)
    0x00000e30   0x00000e30   0x00000038   Code   RO          538    .text.osRtxThreadDelayTick  RTX_CM0.lib(rtx_thread.o)
    0x00000e68   0x00000e68   0x00000050   Code   RO          546    .text.osRtxThreadDispatch  RTX_CM0.lib(rtx_thread.o)
    0x00000eb8   0x00000eb8   0x00000054   Code   RO          632    .text.osRtxThreadFree  RTX_CM0.lib(rtx_thread.o)
    0x00000f0c   0x00000f0c   0x00000014   Code   RO          530    .text.osRtxThreadListGet  RTX_CM0.lib(rtx_thread.o)
    0x00000f20   0x00000f20   0x0000002c   Code   RO          528    .text.osRtxThreadListPut  RTX_CM0.lib(rtx_thread.o)
    0x00000f4c   0x00000f4c   0x00000018   Code   RO          534    .text.osRtxThreadListRemove  RTX_CM0.lib(rtx_thread.o)
    0x00000f64   0x00000f64   0x00000026   Code   RO          532    .text.osRtxThreadListSort  RTX_CM0.lib(rtx_thread.o)
    0x00000f8a   0x00000f8a   0x00000026   Code   RO          606    .text.osRtxThreadPostProcess  RTX_CM0.lib(rtx_thread.o)
    0x00000fb0   0x00000fb0   0x00000018   Code   RO          536    .text.osRtxThreadReadyPut  RTX_CM0.lib(rtx_thread.o)
    0x00000fc8   0x00000fc8   0x00000006   Code   RO          540    .text.osRtxThreadRegPtr  RTX_CM0.lib(rtx_thread.o)
    0x00000fce   0x00000fce   0x00000002   PAD
    0x00000fd0   0x00000fd0   0x0000002c   Code   RO          544    .text.osRtxThreadStackCheck  RTX_CM0.lib(rtx_thread.o)
    0x00000ffc   0x00000ffc   0x00000040   Code   RO          558    .text.osRtxThreadStartup  RTX_CM0.lib(rtx_thread.o)
    0x0000103c   0x0000103c   0x00000014   Code   RO          542    .text.osRtxThreadSwitch  RTX_CM0.lib(rtx_thread.o)
    0x00001050   0x00001050   0x0000003c   Code   RO          554    .text.osRtxThreadWaitEnter  RTX_CM0.lib(rtx_thread.o)
    0x0000108c   0x0000108c   0x00000022   Code   RO          550    .text.osRtxThreadWaitExit  RTX_CM0.lib(rtx_thread.o)
    0x000010ae   0x000010ae   0x00000002   PAD
    0x000010b0   0x000010b0   0x00000074   Code   RO          884    .text.osRtxTick_Handler  RTX_CM0.lib(rtx_system.o)
    0x00001124   0x00001124   0x0000003c   Code   RO          775    .text.osRtxTimerThread  RTX_CM0.lib(rtx_timer.o)
    0x00001160   0x00001160   0x00000060   Code   RO          777    .text.osRtxTimerTick  RTX_CM0.lib(rtx_timer.o)
    0x000011c0   0x000011c0   0x0000000c   Code   RO          590    .text.osThreadExit  RTX_CM0.lib(rtx_thread.o)
    0x000011cc   0x000011cc   0x00000058   Code   RO          598    .text.osThreadFlagsSet  RTX_CM0.lib(rtx_thread.o)
    0x00001224   0x00001224   0x00000028   Code   RO          604    .text.osThreadFlagsWait  RTX_CM0.lib(rtx_thread.o)
    0x0000124c   0x0000124c   0x00000024   Code   RO          562    .text.osThreadNew   RTX_CM0.lib(rtx_thread.o)
    0x00001270   0x00001270   0x00000012   Code   RO          665    .text.svcRtxDelay   RTX_CM0.lib(rtx_delay.o)
    0x00001282   0x00001282   0x00000002   PAD
    0x00001284   0x00001284   0x0000000c   Code   RO          473    .text.svcRtxKernelGetState  RTX_CM0.lib(rtx_kernel.o)
    0x00001290   0x00001290   0x00000148   Code   RO          503    .text.svcRtxKernelInitialize  RTX_CM0.lib(rtx_kernel.o)
    0x000013d8   0x000013d8   0x00000084   Code   RO          505    .text.svcRtxKernelStart  RTX_CM0.lib(rtx_kernel.o)
    0x0000145c   0x0000145c   0x000000e8   Code   RO          755    .text.svcRtxMessageQueueGet  RTX_CM0.lib(rtx_msgqueue.o)
    0x00001544   0x00001544   0x000001e4   Code   RO          741    .text.svcRtxMessageQueueNew  RTX_CM0.lib(rtx_msgqueue.o)
    0x00001728   0x00001728   0x000000bc   Code   RO          751    .text.svcRtxMessageQueuePut  RTX_CM0.lib(rtx_msgqueue.o)
    0x000017e4   0x000017e4   0x00000098   Code   RO          696    .text.svcRtxMutexAcquire  RTX_CM0.lib(rtx_mutex.o)
    0x0000187c   0x0000187c   0x000000bc   Code   RO          702    .text.svcRtxMutexDelete  RTX_CM0.lib(rtx_mutex.o)
    0x00001938   0x00001938   0x00000070   Code   RO          692    .text.svcRtxMutexNew  RTX_CM0.lib(rtx_mutex.o)
    0x000019a8   0x000019a8   0x000000c0   Code   RO          698    .text.svcRtxMutexRelease  RTX_CM0.lib(rtx_mutex.o)
    0x00001a68   0x00001a68   0x0000006c   Code   RO          636    .text.svcRtxThreadExit  RTX_CM0.lib(rtx_thread.o)
    0x00001ad4   0x00001ad4   0x0000006c   Code   RO          644    .text.svcRtxThreadFlagsSet  RTX_CM0.lib(rtx_thread.o)
    0x00001b40   0x00001b40   0x00000050   Code   RO          650    .text.svcRtxThreadFlagsWait  RTX_CM0.lib(rtx_thread.o)
    0x00001b90   0x00001b90   0x000001ec   Code   RO          560    .text.svcRtxThreadNew  RTX_CM0.lib(rtx_thread.o)
    0x00001d7c   0x00001d7c   0x00000022   Code   RO            3    i.BlinkAllGreenLed  ledcontrol.o
    0x00001d9e   0x00001d9e   0x00000002   PAD
    0x00001da0   0x00001da0   0x000000e8   Code   RO          287    i.InitUART2         uart.o
    0x00001e88   0x00001e88   0x00000018   Code   RO            4    i.LightUpAllGreenLed  ledcontrol.o
    0x00001ea0   0x00001ea0   0x00000018   Code   RO            5    i.LightUpAllRedLed  ledcontrol.o
    0x00001eb8   0x00001eb8   0x00000190   Code   RO          432    i.SystemCoreClockUpdate  system_mkl25z4.o
    0x00002048   0x00002048   0x0000000c   Code   RO          433    i.SystemInit        system_mkl25z4.o
    0x00002054   0x00002054   0x00000048   Code   RO          104    i.UART2_IRQHandler  rtx.o
    0x0000209c   0x0000209c   0x0000001c   Code   RO           61    i.__ARM_common_switch8  ledcontrol.o
    0x000020b8   0x000020b8   0x00000078   Code   RO          288    i.__NVIC_SetPriority  uart.o
    0x00002130   0x00002130   0x00000018   Code   RO          316    i._mutex_acquire    rtx_lib.o
    0x00002148   0x00002148   0x0000000c   Code   RO          317    i._mutex_free       rtx_lib.o
    0x00002154   0x00002154   0x00000024   Code   RO          318    i._mutex_initialize  rtx_lib.o
    0x00002178   0x00002178   0x00000014   Code   RO          319    i._mutex_release    rtx_lib.o
    0x0000218c   0x0000218c   0x00000008   Code   RO          320    i._platform_post_stackheap_init  rtx_lib.o
    0x00002194   0x00002194   0x00000044   Code   RO          196    i.backward_move     motorcontrol.o
    0x000021d8   0x000021d8   0x00000084   Code   RO          105    i.buzzer_thread     rtx.o
    0x0000225c   0x0000225c   0x00000044   Code   RO          197    i.forward_move      motorcontrol.o
    0x000022a0   0x000022a0   0x000000c4   Code   RO            6    i.initLedStrip      ledcontrol.o
    0x00002364   0x00002364   0x00000214   Code   RO          257    i.initPWM           common.o
    0x00002578   0x00002578   0x00000114   Code   RO          106    i.led_thread        rtx.o
    0x0000268c   0x0000268c   0x0000005c   Code   RO          198    i.left_move         motorcontrol.o
    0x000026e8   0x000026e8   0x0000008c   Code   RO          107    i.main              rtx.o
    0x00002774   0x00002774   0x000000e8   Code   RO          173    i.main_buzzer       buzzercontrol.o
    0x0000285c   0x0000285c   0x000000b0   Code   RO          108    i.messager_thread   rtx.o
    0x0000290c   0x0000290c   0x00000078   Code   RO          109    i.motor_thread      rtx.o
    0x00002984   0x00002984   0x00000018   Code   RO            7    i.offAllGreenLed    ledcontrol.o
    0x0000299c   0x0000299c   0x00000018   Code   RO            8    i.offAllRedLed      ledcontrol.o
    0x000029b4   0x000029b4   0x00000020   Code   RO          392    i.osRtxErrorNotify  rtx_config.o
    0x000029d4   0x000029d4   0x00000004   Code   RO          393    i.osRtxIdleThread   rtx_config.o
    0x000029d8   0x000029d8   0x00000024   Code   RO          321    i.os_kernel_is_active  rtx_lib.o
    0x000029fc   0x000029fc   0x0000005c   Code   RO          200    i.right_move        motorcontrol.o
    0x00002a58   0x00002a58   0x000000b8   Code   RO            9    i.setPortPinIO      ledcontrol.o
    0x00002b10   0x00002b10   0x00000040   Code   RO          201    i.stop_move         motorcontrol.o
    0x00002b50   0x00002b50   0x0000003c   Code   RO          202    i.stop_turning      motorcontrol.o
    0x00002b8c   0x00002b8c   0x00000020   Data   RO          110    .constdata          rtx.o
    0x00002bac   0x00002bac   0x00000064   Data   RO          328    .constdata          rtx_lib.o
    0x00002c10   0x00002c10   0x00000001   Data   RO          769    .constdata          RTX_CM0.lib(irq_cm0.o)
    0x00002c11   0x00002c11   0x00000003   PAD
    0x00002c14   0x00002c14   0x000000a0   Data   RO          330    .rodata             rtx_lib.o
    0x00002cb4   0x00002cb4   0x0000000b   Data   RO          517    .rodata.str1.4      RTX_CM0.lib(rtx_kernel.o)
    0x00002cbf   0x00002cbf   0x00000001   PAD
    0x00002cc0   0x00002cc0   0x00000020   Data   RO         1105    Region$$Table       anon$$obj.o


    Execution Region ER_RW (Exec base: 0x1ffff000, Load base: 0x00002ce0, Size: 0x00001840, Max: 0xffffffff, ABSOLUTE, COMPRESSED[0x0000010c])

    Exec Addr    Load Addr    Size         Type   Attr      Idx    E Section Name        Object

    0x1ffff000   COMPRESSED   0x00001040   Data   RW          322    .bss.os             rtx_lib.o
    0x20000040   COMPRESSED   0x00000034   Data   RW          324    .bss.os.msgqueue.cb  rtx_lib.o
    0x20000074   COMPRESSED   0x00000050   Data   RW          325    .bss.os.msgqueue.mem  rtx_lib.o
    0x200000c4   COMPRESSED   0x00000088   Data   RW          326    .bss.os.thread.cb   rtx_lib.o
    0x2000014c   COMPRESSED   0x00000004   PAD
    0x20000150   COMPRESSED   0x00000200   Data   RW          327    .bss.os.thread.stack  rtx_lib.o
    0x20000350   COMPRESSED   0x00000018   Data   RW          111    .data               rtx.o
    0x20000368   COMPRESSED   0x00000418   Data   RW          174    .data               buzzercontrol.o
    0x20000780   COMPRESSED   0x00000010   Data   RW          203    .data               motorcontrol.o
    0x20000790   COMPRESSED   0x00000005   Data   RW          329    .data               rtx_lib.o
    0x20000795   COMPRESSED   0x00000003   PAD
    0x20000798   COMPRESSED   0x00000004   Data   RW          434    .data               system_mkl25z4.o
    0x2000079c   COMPRESSED   0x000000a4   Data   RW          518    .data.os            RTX_CM0.lib(rtx_kernel.o)


    Execution Region ER_ZI (Exec base: 0x20000840, Load base: 0x00002dec, Size: 0x00000168, Max: 0xffffffff, ABSOLUTE)

    Exec Addr    Load Addr    Size         Type   Attr      Idx    E Section Name        Object

    0x20000840        -       0x00000060   Zero   RW          978    .bss                c_p.l(libspace.o)
    0x200008a0        -       0x00000001   Zero   RW          917    .bss.PendST         RTX_CM0.lib(os_systick.o)
    0x200008a1   0x00002dec   0x00000007   PAD
    0x200008a8        -       0x00000000   Zero   RW          421    HEAP                startup_mkl25z4.o
    0x200008a8        -       0x00000100   Zero   RW          420    STACK               startup_mkl25z4.o


==============================================================================

Image component sizes


      Code (inc. data)   RO Data    RW Data    ZI Data      Debug   Object Name

       232         32          0       1048          0       1796   buzzercontrol.o
       532         28          0          0          0        514   common.o
       538         82          0          0          0     223557   ledcontrol.o
       444        164          0         16          0       2641   motorcontrol.o
       916        112         32         24          0      12809   rtx.o
        36          8          0          0          0        933   rtx_config.o
       136          6        260       4945          0      12726   rtx_lib.o
        80         44        192          0        256        856   startup_mkl25z4.o
       412         42          0          4          0       1471   system_mkl25z4.o
       352         32          0          0          0       9248   uart.o

    ----------------------------------------------------------------------
      3680        550        516       6044        256     266551   Object Totals
         0          0         32          0          0          0   (incl. Generated)
         2          0          0          7          0          0   (incl. Padding)

    ----------------------------------------------------------------------

      Code (inc. data)   RO Data    RW Data    ZI Data      Debug   Library Member Name

       164          8          1          0          0        496   irq_cm0.o
       138         32          0          0          1       2766   os_systick.o
        58          4          0          0          0       2753   rtx_delay.o
       598         48         11        164          0      16105   rtx_kernel.o
       252          0          0          0          0       2564   rtx_memory.o
       166          0          0          0          0      14282   rtx_mempool.o
      1568         44          0          0          0      17889   rtx_msgqueue.o
       868         32          0          0          0       9201   rtx_mutex.o
       352         26          0          0          0       4635   rtx_system.o
      1930        108          0          0          0      30867   rtx_thread.o
       232         20          0          0          0      10018   rtx_timer.o
        86          0          0          0          0          0   __dczerorl2.o
         8          0          0          0          0         68   __main.o
         0          0          0          0          0          0   __rtentry.o
        20          0          0          0          0          0   __rtentry2.o
         6          0          0          0          0          0   __rtentry4.o
        60          8          0          0          0          0   __scatter.o
        28          0          0          0          0          0   __scatter_zi.o
       346          0          0          0          0         92   aeabi_sdiv.o
        16          0          0          0          0         68   exit.o
         6          0          0          0          0        136   heapauxi.o
         0          0          0          0          0          0   indicate_semi.o
         2          0          0          0          0          0   libinit.o
         2          0          0          0          0          0   libinit2.o
         2          0          0          0          0          0   libshutdown.o
         2          0          0          0          0          0   libshutdown2.o
         8          4          0          0         96         68   libspace.o
        64          0          0          0          0        108   rt_memclr.o
       186          0          0          0          0        144   rt_memcpy.o
         2          0          0          0          0          0   rtexit.o
        10          0          0          0          0          0   rtexit2.o
        12          4          0          0          0         60   sys_exit.o
        62          0          0          0          0         80   sys_stackheap_outer.o
         2          0          0          0          0         68   use_no_semi.o

    ----------------------------------------------------------------------
      7276        338         16        164        104     112468   Library Totals
        20          0          4          0          7          0   (incl. Padding)

    ----------------------------------------------------------------------

      Code (inc. data)   RO Data    RW Data    ZI Data      Debug   Library Name

      6326        322         12        164          1     111576   RTX_CM0.lib
       930         16          0          0         96        892   c_p.l

    ----------------------------------------------------------------------
      7276        338         16        164        104     112468   Library Totals

    ----------------------------------------------------------------------

==============================================================================


      Code (inc. data)   RO Data    RW Data    ZI Data      Debug   

     10956        888        532       6208        360     377091   Grand Totals
     10956        888        532        268        360     377091   ELF Image Totals (compressed)
     10956        888        532        268          0          0   ROM Totals

==============================================================================

    Total RO  Size (Code + RO Data)                11488 (  11.22kB)
    Total RW  Size (RW Data + ZI Data)              6568 (   6.41kB)
    Total ROM Size (Code + RO Data + RW Data)      11756 (  11.48kB)

==============================================================================

